
> vite_react_shadcn_ts@0.0.0 build
> tsc -b && vite build

src/core/api/endpoints/fuel-prices.ts(26,5): error TS2322: Type 'FuelPricesQueryParams | undefined' is not assignable to type 'Record<string, string | number | boolean | null | undefined> | undefined'.
  Type 'FuelPricesQueryParams' is not assignable to type 'Record<string, string | number | boolean | null | undefined>'.
    Index signature for type 'string' is missing in type 'FuelPricesQueryParams'.
src/core/components/ui/card.tsx(13,8): error TS2305: Module '"@/core/components/ui/primitives/card"' has no exported member 'CardProps'.
src/core/components/ui/card.tsx(14,8): error TS2724: '"@/core/components/ui/primitives/card"' has no exported member named 'CardHeaderProps'. Did you mean 'CardHeader'?
src/core/components/ui/card.tsx(15,8): error TS2724: '"@/core/components/ui/primitives/card"' has no exported member named 'CardFooterProps'. Did you mean 'CardFooter'?
src/core/components/ui/card.tsx(16,8): error TS2305: Module '"@/core/components/ui/primitives/card"' has no exported member 'CardTitleProps'.
src/core/components/ui/card.tsx(17,8): error TS2724: '"@/core/components/ui/primitives/card"' has no exported member named 'CardDescriptionProps'. Did you mean 'CardDescription'?
src/core/components/ui/card.tsx(18,8): error TS2724: '"@/core/components/ui/primitives/card"' has no exported member named 'CardContentProps'. Did you mean 'CardContent'?
src/core/components/ui/composed/color-contrast-checker.tsx(3,24): error TS2307: Cannot find module './button' or its corresponding type declarations.
src/core/components/ui/composed/color-contrast-checker.tsx(4,23): error TS2307: Cannot find module './input' or its corresponding type declarations.
src/core/components/ui/composed/color-contrast-checker.tsx(5,23): error TS2307: Cannot find module './label' or its corresponding type declarations.
src/core/components/ui/composed/color-contrast-checker.tsx(6,24): error TS2307: Cannot find module './switch' or its corresponding type declarations.
src/core/components/ui/composed/date-range-picker.tsx(56,13): error TS2322: Type '{ initialFocus: true; mode: "range"; defaultMonth: Date | undefined; selected: DateRange | undefined; onSelect: ((date: DateRange | undefined) => void) | undefined; numberOfMonths: number; }' is not assignable to type 'IntrinsicAttributes & CalendarProps'.
  Property 'defaultMonth' does not exist on type 'IntrinsicAttributes & CalendarProps'.
src/core/components/ui/composed/form.tsx(86,32): error TS2322: Type 'FormFieldContextValue<TFieldValues, TName>' is not assignable to type 'FormFieldContextValue<FieldValues, string>'.
  The types of 'form.watch' are incompatible between these types.
    Type 'UseFormWatch<TFieldValues>' is not assignable to type 'UseFormWatch<FieldValues>'.
      Type 'FieldValues' is not assignable to type 'TFieldValues'.
        'FieldValues' is assignable to the constraint of type 'TFieldValues', but 'TFieldValues' could be instantiated with a different subtype of constraint 'FieldValues'.
src/core/components/ui/composed/supabase-connection-status.tsx(58,20): error TS2339: Property 'refreshedResources' does not exist on type '{ success: boolean; message: string; queryClient: any; }'.
src/core/components/ui/composed/supabase-connection-status.tsx(59,37): error TS2339: Property 'refreshedResources' does not exist on type '{ success: boolean; message: string; queryClient: any; }'.
src/core/components/ui/enhanced/form-builder.tsx(152,11): error TS2322: Type 'unknown' is not assignable to type 'string | number | undefined'.
src/core/components/ui/enhanced/form-builder.tsx(153,11): error TS2322: Type 'unknown' is not assignable to type 'string | number | undefined'.
src/core/components/ui/enhanced/form-builder.tsx(154,11): error TS2322: Type 'unknown' is not assignable to type 'string | number | undefined'.
src/core/components/ui/enhanced/form-builder.tsx(161,12): error TS2322: Type '{ type: "text" | "password"; value: {}; onChange: (e: ChangeEvent<HTMLInputElement | HTMLTextAreaElement>) => void; onBlur: () => void; onFocus: () => void; disabled: boolean; placeholder: string | undefined; className: string; }' is not assignable to type 'InputHTMLAttributes<HTMLInputElement>'.
  Types of property 'value' are incompatible.
    Type '{}' is not assignable to type 'string | number | readonly string[] | undefined'.
src/core/components/ui/enhanced/form-builder.tsx(186,11): error TS2322: Type '{}' is not assignable to type 'number'.
src/core/components/ui/enhanced/form-builder.tsx(187,11): error TS2322: Type '{}' is not assignable to type '"none" | "both" | "horizontal" | "vertical" | undefined'.
src/core/components/ui/enhanced/form-builder.tsx(194,11): error TS2322: Type 'unknown' is not assignable to type 'string | undefined'.
src/core/components/ui/enhanced/form-builder.tsx(223,11): error TS2322: Type 'unknown' is not assignable to type 'string | null | undefined'.
src/core/components/ui/enhanced/form-builder.tsx(320,12): error TS2322: Type '{ type: "date"; value: {}; onChange: (e: ChangeEvent<HTMLInputElement | HTMLTextAreaElement>) => void; onBlur: () => void; onFocus: () => void; disabled: boolean; placeholder: string | undefined; className: string; }' is not assignable to type 'InputHTMLAttributes<HTMLInputElement>'.
  Types of property 'value' are incompatible.
    Type '{}' is not assignable to type 'string | number | readonly string[] | undefined'.
src/core/components/ui/enhanced/form-builder.tsx(346,19): error TS2322: Type '{}' is not assignable to type 'ReactI18NextChildren | Iterable<ReactI18NextChildren>'.
src/core/components/ui/enhanced/form-builder.tsx(354,17): error TS2322: Type 'unknown' is not assignable to type 'string | undefined'.
src/core/components/ui/enhanced/form-builder.tsx(355,17): error TS2322: Type 'unknown' is not assignable to type 'boolean | undefined'.
src/core/components/ui/enhanced/form-builder.tsx(360,11): error TS2322: Type 'unknown' is not assignable to type 'string | number | boolean | ReactElement<any, string | JSXElementConstructor<any>> | Iterable<ReactNode> | ReactPortal | null | undefined'.
src/core/components/ui/enhanced/form-builder.tsx(362,57): error TS2339: Property 'name' does not exist on type '{}'.
src/core/components/ui/enhanced/form-builder.tsx(395,15): error TS2322: Type '{ value: {}; onChange: (e: ChangeEvent<HTMLInputElement | HTMLTextAreaElement>) => void; onBlur: () => void; onFocus: () => void; disabled: boolean; placeholder: string | undefined; className: string; }' is not assignable to type 'InputHTMLAttributes<HTMLInputElement>'.
  Types of property 'value' are incompatible.
    Type '{}' is not assignable to type 'string | number | readonly string[] | undefined'.
src/core/components/ui/enhanced/form-builder.tsx(474,5): error TS2322: Type 'Partial<T>' is not assignable to type 'AsyncDefaultValues<Partial<T>> | DefaultValues<Partial<T>> | undefined'.
src/core/components/ui/enhanced/form-builder.tsx(488,21): error TS7053: Element implicitly has an 'any' type because expression of type 'string' can't be used to index type 'Partial<T>'.
  No index signature with a parameter of type 'string' was found on type 'Partial<T>'.
src/core/components/ui/enhanced/form-builder.tsx(502,24): error TS7053: Element implicitly has an 'any' type because expression of type 'string' can't be used to index type 'Partial<T>'.
  No index signature with a parameter of type 'string' was found on type 'Partial<T>'.
src/core/components/ui/enhanced/form-builder.tsx(609,33): error TS2769: No overload matches this call.
  Overload 1 of 2, '(predicate: (value: FormField<T[keyof T]>, index: number, array: FormField<T[keyof T]>[]) => value is FormField<T[keyof T]>, thisArg?: any): FormField<...>[]', gave the following error.
    Argument of type '(field: FormField<unknown>) => boolean' is not assignable to parameter of type '(value: FormField<T[keyof T]>, index: number, array: FormField<T[keyof T]>[]) => value is FormField<T[keyof T]>'.
      Types of parameters 'field' and 'value' are incompatible.
        Type 'FormField<T[keyof T]>' is not assignable to type 'FormField<unknown>'.
          Types of property 'customComponent' are incompatible.
            Type 'ComponentType<FieldComponentProps<T[keyof T]>> | undefined' is not assignable to type 'ComponentType<FieldComponentProps<unknown>> | undefined'.
              Type 'ComponentClass<FieldComponentProps<T[keyof T]>, any>' is not assignable to type 'ComponentType<FieldComponentProps<unknown>> | undefined'.
                Type 'ComponentClass<FieldComponentProps<T[keyof T]>, any>' is not assignable to type 'ComponentClass<FieldComponentProps<unknown>, any>'.
                  Types of property 'getDerivedStateFromProps' are incompatible.
                    Type 'GetDerivedStateFromProps<FieldComponentProps<T[keyof T]>, any> | undefined' is not assignable to type 'GetDerivedStateFromProps<FieldComponentProps<unknown>, any> | undefined'.
                      Type 'GetDerivedStateFromProps<FieldComponentProps<T[keyof T]>, any>' is not assignable to type 'GetDerivedStateFromProps<FieldComponentProps<unknown>, any>'.
                        Types of parameters 'nextProps' and 'nextProps' are incompatible.
                          Type 'Readonly<FieldComponentProps<unknown>>' is not assignable to type 'Readonly<FieldComponentProps<T[keyof T]>>'.
                            The types of 'field.validation' are incompatible between these types.
                              Type 'ZodType<unknown, ZodTypeDef, unknown> | undefined' is not assignable to type 'ZodType<T[keyof T], ZodTypeDef, T[keyof T]> | undefined'.
                                Type 'ZodType<unknown, ZodTypeDef, unknown>' is not assignable to type 'ZodType<T[keyof T], ZodTypeDef, T[keyof T]>'.
                                  Type 'unknown' is not assignable to type 'T[keyof T]'.
                                    'T[keyof T]' could be instantiated with an arbitrary type which could be unrelated to 'unknown'.
  Overload 2 of 2, '(predicate: (value: FormField<T[keyof T]>, index: number, array: FormField<T[keyof T]>[]) => unknown, thisArg?: any): FormField<T[keyof T]>[]', gave the following error.
    Argument of type '(field: FormField<unknown>) => boolean' is not assignable to parameter of type '(value: FormField<T[keyof T]>, index: number, array: FormField<T[keyof T]>[]) => unknown'.
      Types of parameters 'field' and 'value' are incompatible.
        Type 'FormField<T[keyof T]>' is not assignable to type 'FormField<unknown>'.
          Types of property 'customComponent' are incompatible.
            Type 'ComponentType<FieldComponentProps<T[keyof T]>> | undefined' is not assignable to type 'ComponentType<FieldComponentProps<unknown>> | undefined'.
              Type 'ComponentClass<FieldComponentProps<T[keyof T]>, any>' is not assignable to type 'ComponentType<FieldComponentProps<unknown>> | undefined'.
                Type 'ComponentClass<FieldComponentProps<T[keyof T]>, any>' is not assignable to type 'ComponentClass<FieldComponentProps<unknown>, any>'.
                  Types of property 'getDerivedStateFromProps' are incompatible.
                    Type 'GetDerivedStateFromProps<FieldComponentProps<T[keyof T]>, any> | undefined' is not assignable to type 'GetDerivedStateFromProps<FieldComponentProps<unknown>, any> | undefined'.
                      Type 'GetDerivedStateFromProps<FieldComponentProps<T[keyof T]>, any>' is not assignable to type 'GetDerivedStateFromProps<FieldComponentProps<unknown>, any>'.
                        Types of parameters 'nextProps' and 'nextProps' are incompatible.
                          Type 'Readonly<FieldComponentProps<unknown>>' is not assignable to type 'Readonly<FieldComponentProps<T[keyof T]>>'.
                            The types of 'field.validation' are incompatible between these types.
                              Type 'ZodType<unknown, ZodTypeDef, unknown> | undefined' is not assignable to type 'ZodType<T[keyof T], ZodTypeDef, T[keyof T]> | undefined'.
                                Type 'ZodType<unknown, ZodTypeDef, unknown>' is not assignable to type 'ZodType<T[keyof T], ZodTypeDef, T[keyof T]>'.
                                  Type 'unknown' is not assignable to type 'T[keyof T]'.
                                    'T[keyof T]' could be instantiated with an arbitrary type which could be unrelated to 'unknown'.
src/core/components/ui/enhanced/form-builder.tsx(613,29): error TS2322: Type 'string' is not assignable to type 'Path<Partial<T>>'.
src/core/components/ui/enhanced/form-builder.tsx(615,29): error TS2322: Type 'T[keyof T] | undefined' is not assignable to type 'PathValueImpl<Partial<T>, Path<Partial<T>>> | undefined'.
  Type 'T[keyof T]' is not assignable to type 'PathValueImpl<Partial<T>, Path<Partial<T>>> | undefined'.
    Type 'T[string] | T[number] | T[symbol]' is not assignable to type 'PathValueImpl<Partial<T>, Path<Partial<T>>> | undefined'.
      Type 'T[string]' is not assignable to type 'PathValueImpl<Partial<T>, Path<Partial<T>>> | undefined'.
src/core/components/ui/enhanced/form-builder.tsx(617,49): error TS2322: Type 'FormField<T[keyof T]>' is not assignable to type 'FormField<unknown>'.
  Types of property 'customComponent' are incompatible.
    Type 'ComponentType<FieldComponentProps<T[keyof T]>> | undefined' is not assignable to type 'ComponentType<FieldComponentProps<unknown>> | undefined'.
      Type 'ComponentClass<FieldComponentProps<T[keyof T]>, any>' is not assignable to type 'ComponentType<FieldComponentProps<unknown>> | undefined'.
        Type 'ComponentClass<FieldComponentProps<T[keyof T]>, any>' is not assignable to type 'ComponentClass<FieldComponentProps<unknown>, any>'.
          Types of property 'getDerivedStateFromProps' are incompatible.
            Type 'GetDerivedStateFromProps<FieldComponentProps<T[keyof T]>, any> | undefined' is not assignable to type 'GetDerivedStateFromProps<FieldComponentProps<unknown>, any> | undefined'.
              Type 'GetDerivedStateFromProps<FieldComponentProps<T[keyof T]>, any>' is not assignable to type 'GetDerivedStateFromProps<FieldComponentProps<unknown>, any>'.
                Types of parameters 'nextProps' and 'nextProps' are incompatible.
                  Type 'Readonly<FieldComponentProps<unknown>>' is not assignable to type 'Readonly<FieldComponentProps<T[keyof T]>>'.
                    The types of 'field.validation' are incompatible between these types.
                      Type 'ZodType<unknown, ZodTypeDef, unknown> | undefined' is not assignable to type 'ZodType<T[keyof T], ZodTypeDef, T[keyof T]> | undefined'.
                        Type 'ZodType<unknown, ZodTypeDef, unknown>' is not assignable to type 'ZodType<T[keyof T], ZodTypeDef, T[keyof T]>'.
                          Type 'unknown' is not assignable to type 'T[keyof T]'.
                            'T[keyof T]' could be instantiated with an arbitrary type which could be unrelated to 'unknown'.
src/core/components/ui/enhanced/form-builder.tsx(619,35): error TS2322: Type 'FormField<T[keyof T]>' is not assignable to type 'FormField<unknown>'.
  Types of property 'customComponent' are incompatible.
    Type 'ComponentType<FieldComponentProps<T[keyof T]>> | undefined' is not assignable to type 'ComponentType<FieldComponentProps<unknown>> | undefined'.
      Type 'ComponentClass<FieldComponentProps<T[keyof T]>, any>' is not assignable to type 'ComponentType<FieldComponentProps<unknown>> | undefined'.
        Type 'ComponentClass<FieldComponentProps<T[keyof T]>, any>' is not assignable to type 'ComponentClass<FieldComponentProps<unknown>, any>'.
          Types of property 'getDerivedStateFromProps' are incompatible.
            Type 'GetDerivedStateFromProps<FieldComponentProps<T[keyof T]>, any> | undefined' is not assignable to type 'GetDerivedStateFromProps<FieldComponentProps<unknown>, any> | undefined'.
              Type 'GetDerivedStateFromProps<FieldComponentProps<T[keyof T]>, any>' is not assignable to type 'GetDerivedStateFromProps<FieldComponentProps<unknown>, any>'.
                Types of parameters 'nextProps' and 'nextProps' are incompatible.
                  Type 'Readonly<FieldComponentProps<unknown>>' is not assignable to type 'Readonly<FieldComponentProps<T[keyof T]>>'.
                    The types of 'field.validation' are incompatible between these types.
                      Type 'ZodType<unknown, ZodTypeDef, unknown> | undefined' is not assignable to type 'ZodType<T[keyof T], ZodTypeDef, T[keyof T]> | undefined'.
                        Type 'ZodType<unknown, ZodTypeDef, unknown>' is not assignable to type 'ZodType<T[keyof T], ZodTypeDef, T[keyof T]>'.
                          Type 'unknown' is not assignable to type 'T[keyof T]'.
                            'T[keyof T]' could be instantiated with an arbitrary type which could be unrelated to 'unknown'.
src/core/components/ui/FeatureCard.tsx(151,34): error TS2339: Property 'label' does not exist on type 'FeatureMetric[]'.
src/core/components/ui/FeatureCard.tsx(156,35): error TS2339: Property 'color' does not exist on type 'FeatureMetric[]'.
src/core/components/ui/FeatureCard.tsx(159,36): error TS2551: Property 'value' does not exist on type 'FeatureMetric[]'. Did you mean 'values'?
src/core/components/ui/FeatureCard.tsx(161,34): error TS2339: Property 'trend' does not exist on type 'FeatureMetric[]'.
src/core/components/ui/FeatureCard.tsx(161,72): error TS2339: Property 'trend' does not exist on type 'FeatureMetric[]'.
src/core/components/ui/form-fields.tsx(7,3): error TS1205: Re-exporting a type when 'isolatedModules' is enabled requires using 'export type'.
src/core/components/ui/form-fields.tsx(9,3): error TS1205: Re-exporting a type when 'isolatedModules' is enabled requires using 'export type'.
src/core/components/ui/form-fields.tsx(11,3): error TS1205: Re-exporting a type when 'isolatedModules' is enabled requires using 'export type'.
src/core/components/ui/form-fields.tsx(13,3): error TS1205: Re-exporting a type when 'isolatedModules' is enabled requires using 'export type'.
src/core/components/ui/form-fields.tsx(15,3): error TS1205: Re-exporting a type when 'isolatedModules' is enabled requires using 'export type'.
src/core/components/ui/form-fields.tsx(17,3): error TS1205: Re-exporting a type when 'isolatedModules' is enabled requires using 'export type'.
src/core/components/ui/form-fields.tsx(19,3): error TS1205: Re-exporting a type when 'isolatedModules' is enabled requires using 'export type'.
src/core/components/ui/form-fields.tsx(21,3): error TS1205: Re-exporting a type when 'isolatedModules' is enabled requires using 'export type'.
src/core/components/ui/icon-button.tsx(7,3): error TS1205: Re-exporting a type when 'isolatedModules' is enabled requires using 'export type'.
src/core/components/ui/input.tsx(12,3): error TS2305: Module '"@/core/components/ui/primitives/input"' has no exported member 'InputProps'.
src/core/components/ui/loading-button.tsx(7,3): error TS1205: Re-exporting a type when 'isolatedModules' is enabled requires using 'export type'.
src/core/components/ui/primitives/data-table.tsx(245,33): error TS2349: This expression is not callable.
  Not all constituents of type 'ColumnDefTemplate<CellContext<TData, TValue>>' are callable.
    Type 'string' has no call signatures.
src/core/components/ui/primitives/data-table.tsx(329,19): error TS18046: 'value' is of type 'unknown'.
src/core/components/ui/primitives/data-table.tsx(330,19): error TS18046: 'value' is of type 'unknown'.
src/core/components/ui/primitives/data-table.tsx(331,19): error TS18046: 'value' is of type 'unknown'.
src/core/components/ui/primitives/form-fields.tsx(10,22): error TS2305: Module '"@/core/components/ui/primitives/input"' has no exported member 'InputProps'.
src/core/components/ui/primitives/form-fields.tsx(450,17): error TS2322: Type '{ mode: "single"; selected: PathValueImpl<TFieldValues, Path<TFieldValues>>; onSelect: (date: Date | DateRange | undefined) => void; disabled: ((date: Date) => boolean) | undefined; initialFocus: true; }' is not assignable to type 'IntrinsicAttributes & CalendarProps'.
  Property 'disabled' does not exist on type 'IntrinsicAttributes & CalendarProps'.
src/core/components/ui/primitives/spinner.tsx(3,10): error TS2305: Module '"@/core/components/ui/button"' has no exported member 'LoadingSpinnerPrimitive'.
src/core/components/ui/primitives/toast-container.tsx(7,36): error TS2307: Cannot find module '@/types/toast' or its corresponding type declarations.
src/core/components/ui/primitives/toaster.tsx(6,11): error TS2339: Property 'toasts' does not exist on type '{ toast: (options: ToastOptions) => ToastReturn; dismiss: (toastId?: string | undefined) => void; success: (options: Omit<ToastOptions, "variant">) => ToastReturn; error: (options: Omit<...>) => ToastReturn; warning: (options: Omit<...>) => ToastReturn; info: (options: Omit<...>) => ToastReturn; }'.
src/core/components/ui/primitives/toggle-button-group.tsx(82,7): error TS2345: Argument of type '(string | string[])[]' is not assignable to parameter of type 'string[] | (() => string[])'.
  Type '(string | string[])[]' is not assignable to type 'string[]'.
    Type 'string | string[]' is not assignable to type 'string'.
      Type 'string[]' is not assignable to type 'string'.
src/core/components/ui/primitives/toggle-button-group.tsx(113,9): error TS2322: Type '(string | string[])[]' is not assignable to type 'string | string[]'.
  Type '(string | string[])[]' is not assignable to type 'string[]'.
    Type 'string | string[]' is not assignable to type 'string'.
      Type 'string[]' is not assignable to type 'string'.
src/core/components/ui/primitives/toggle-button-group.tsx(151,11): error TS2769: No overload matches this call.
  The last overload gave the following error.
    Object literal may only specify known properties, and 'isActive' does not exist in type 'Partial<unknown> & Attributes'.
src/core/components/ui/primitives/toggle-button.tsx(77,17): error TS2339: Property 'onClick' does not exist on type '{ id?: string | undefined; style?: CSSProperties | undefined; name?: string | undefined; value?: string | number | readonly string[] | undefined; role?: AriaRole | undefined; ... 267 more ...; formTarget?: string | undefined; }'.
src/core/components/ui/primitives/toggle-button.tsx(78,15): error TS2339: Property 'onClick' does not exist on type '{ id?: string | undefined; style?: CSSProperties | undefined; name?: string | undefined; value?: string | number | readonly string[] | undefined; role?: AriaRole | undefined; ... 267 more ...; formTarget?: string | undefined; }'.
src/core/components/ui/spinner.tsx(7,3): error TS1205: Re-exporting a type when 'isolatedModules' is enabled requires using 'export type'.
src/core/components/ui/spinner.tsx(9,3): error TS1205: Re-exporting a type when 'isolatedModules' is enabled requires using 'export type'.
src/core/components/ui/toggle-button-group.tsx(7,3): error TS1205: Re-exporting a type when 'isolatedModules' is enabled requires using 'export type'.
src/core/components/ui/toggle-button.tsx(7,3): error TS1205: Re-exporting a type when 'isolatedModules' is enabled requires using 'export type'.
src/core/components/ui/types/form-types.ts(83,41): error TS2344: Type 'unknown' does not satisfy the constraint 'ZodTypeDef'.
src/core/components/ui/types/form-types.ts(101,69): error TS2344: Type 'unknown' does not satisfy the constraint 'ZodTypeDef'.
src/core/components/ui/types/form-types.ts(102,38): error TS2344: Type 'TSchema' does not satisfy the constraint 'ZodType<ZodTypeDef, unknown, ZodTypeDef>'.
  Type 'ZodType<unknown, unknown, unknown>' is not assignable to type 'ZodType<ZodTypeDef, unknown, ZodTypeDef>'.
    Type 'unknown' is not assignable to type 'ZodTypeDef'.
src/core/components/ui/types/form-types.ts(104,23): error TS2344: Type 'TypeOf<TSchema>' does not satisfy the constraint 'FieldValues'.
src/core/components/ui/types/form-types.ts(108,28): error TS2344: Type 'TypeOf<TSchema>' does not satisfy the constraint 'FieldValues'.
src/core/components/ui/types/form-types.ts(110,48): error TS2344: Type 'TypeOf<TSchema>' does not satisfy the constraint 'FieldValues'.
src/core/config/enhanced-navigation.ts(301,5): error TS2561: Object literal may only specify known properties, but 'descriptionAm' does not exist in type 'QuickAction'. Did you mean to write 'description'?
src/core/config/enhanced-navigation.ts(311,5): error TS2561: Object literal may only specify known properties, but 'descriptionAm' does not exist in type 'QuickAction'. Did you mean to write 'description'?
src/core/config/enhanced-navigation.ts(321,5): error TS2561: Object literal may only specify known properties, but 'descriptionAm' does not exist in type 'QuickAction'. Did you mean to write 'description'?
src/core/config/enhanced-navigation.ts(331,5): error TS2561: Object literal may only specify known properties, but 'descriptionAm' does not exist in type 'QuickAction'. Did you mean to write 'description'?
src/core/config/features.ts(42,7): error TS2561: Object literal may only specify known properties, but 'titleAm' does not exist in type 'FeatureCategory'. Did you mean to write 'title'?
src/core/config/features.ts(52,7): error TS2561: Object literal may only specify known properties, but 'titleAm' does not exist in type 'FeatureCategory'. Did you mean to write 'title'?
src/core/config/features.ts(62,7): error TS2561: Object literal may only specify known properties, but 'titleAm' does not exist in type 'FeatureCategory'. Did you mean to write 'title'?
src/core/config/features.ts(72,7): error TS2561: Object literal may only specify known properties, but 'titleAm' does not exist in type 'FeatureCategory'. Did you mean to write 'title'?
src/core/config/features.ts(85,7): error TS2561: Object literal may only specify known properties, but 'titleAm' does not exist in type 'NavigationFeature'. Did you mean to write 'title'?
src/core/config/features.ts(119,11): error TS2561: Object literal may only specify known properties, but 'titleAm' does not exist in type 'NavigationFeature'. Did you mean to write 'title'?
src/core/config/features.ts(131,11): error TS2561: Object literal may only specify known properties, but 'titleAm' does not exist in type 'NavigationFeature'. Did you mean to write 'title'?
src/core/config/features.ts(167,11): error TS2561: Object literal may only specify known properties, but 'titleAm' does not exist in type 'NavigationFeature'. Did you mean to write 'title'?
src/core/config/features.ts(179,11): error TS2561: Object literal may only specify known properties, but 'titleAm' does not exist in type 'NavigationFeature'. Did you mean to write 'title'?
src/core/config/features.ts(191,11): error TS2561: Object literal may only specify known properties, but 'titleAm' does not exist in type 'NavigationFeature'. Did you mean to write 'title'?
src/core/config/features.ts(203,11): error TS2561: Object literal may only specify known properties, but 'titleAm' does not exist in type 'NavigationFeature'. Did you mean to write 'title'?
src/core/config/features.ts(215,11): error TS2561: Object literal may only specify known properties, but 'titleAm' does not exist in type 'NavigationFeature'. Did you mean to write 'title'?
src/core/config/features.ts(251,11): error TS2561: Object literal may only specify known properties, but 'titleAm' does not exist in type 'NavigationFeature'. Did you mean to write 'title'?
src/core/config/features.ts(263,11): error TS2561: Object literal may only specify known properties, but 'titleAm' does not exist in type 'NavigationFeature'. Did you mean to write 'title'?
src/core/config/features.ts(275,11): error TS2561: Object literal may only specify known properties, but 'titleAm' does not exist in type 'NavigationFeature'. Did you mean to write 'title'?
src/core/config/features.ts(287,11): error TS2561: Object literal may only specify known properties, but 'titleAm' does not exist in type 'NavigationFeature'. Did you mean to write 'title'?
src/core/config/features.ts(299,11): error TS2561: Object literal may only specify known properties, but 'titleAm' does not exist in type 'NavigationFeature'. Did you mean to write 'title'?
src/core/config/features.ts(311,11): error TS2561: Object literal may only specify known properties, but 'titleAm' does not exist in type 'NavigationFeature'. Did you mean to write 'title'?
src/core/config/features.ts(323,11): error TS2561: Object literal may only specify known properties, but 'titleAm' does not exist in type 'NavigationFeature'. Did you mean to write 'title'?
src/core/db-migration.ts(23,42): error TS2345: Argument of type '"run_sql_migration"' is not assignable to parameter of type 'never'.
src/core/hooks/index.ts(12,15): error TS2307: Cannot find module './use-local-storage' or its corresponding type declarations.
src/core/store/appStore.ts(26,11): error TS2749: 'Toast' refers to a value, but is being used as a type here. Did you mean 'typeof Toast'?
src/core/store/appStore.ts(27,21): error TS2749: 'Toast' refers to a value, but is being used as a type here. Did you mean 'typeof Toast'?
src/core/store/appStore.ts(29,51): error TS2749: 'Toast' refers to a value, but is being used as a type here. Did you mean 'typeof Toast'?
src/core/store/appStore.ts(74,16): error TS2339: Property 'trackAction' does not exist on type '{ info: (message: string, data?: unknown) => void; warn: (message: string, data?: unknown) => void; error: (message: string, data?: unknown) => void; debug: (message: string, data?: unknown) => void; }'.
src/core/store/appStore.ts(131,48): error TS2749: 'Toast' refers to a value, but is being used as a type here. Did you mean 'typeof Toast'?
src/core/store/hooks/useStore.ts(21,43): error TS2554: Expected 0-1 arguments, but got 2.
src/core/store/hooks/useStore.ts(21,44): error TS7006: Parameter 'a' implicitly has an 'any' type.
src/core/store/hooks/useStore.ts(21,47): error TS7006: Parameter 'b' implicitly has an 'any' type.
src/features/auth/components/ProfileController.tsx(56,5): error TS2322: Type 'User | undefined' is not assignable to type 'UserData | undefined'.
  Type 'User' is not assignable to type 'UserData'.
    Types of property 'email' are incompatible.
      Type 'string | undefined' is not assignable to type 'string'.
        Type 'undefined' is not assignable to type 'string'.
src/features/auth/components/ProfileDialogStandardized.tsx(86,5): error TS2322: Type 'User | undefined' is not assignable to type 'UserData | undefined'.
  Type 'User' is not assignable to type 'UserData'.
    Types of property 'email' are incompatible.
      Type 'string | undefined' is not assignable to type 'string'.
        Type 'undefined' is not assignable to type 'string'.
src/features/auth/components/RegisterForm.tsx(92,9): error TS2353: Object literal may only specify known properties, and 'firstName' does not exist in type 'RegisterCredentials'.
src/features/auth/components/SessionLogoutDialogStandardized.tsx(33,7): error TS2322: Type '{ open: boolean; onOpenChange: (open: boolean) => void; title: string; description: string; onConfirm: () => void; isLoading: boolean; confirmText: string; cancelText: string; confirmButtonProps: ButtonProps & RefAttributes<...>; }' is not assignable to type 'IntrinsicAttributes & ConfirmDialogProps'.
  Property 'open' does not exist on type 'IntrinsicAttributes & ConfirmDialogProps'.
src/features/auth/hooks/useAuthGuard.ts(19,57): error TS2345: Argument of type 'string' is not assignable to parameter of type 'AuthRole'.
src/features/dashboard/components/DashboardOverviewStandardized.tsx(82,34): error TS2339: Property 'revenue' does not exist on type 'DashboardData'.
src/features/dashboard/components/DashboardOverviewStandardized.tsx(85,34): error TS2339: Property 'revenuePercentChange' does not exist on type 'DashboardData'.
src/features/dashboard/components/DashboardOverviewStandardized.tsx(86,34): error TS2339: Property 'revenuePercentChange' does not exist on type 'DashboardData'.
src/features/dashboard/components/DashboardOverviewStandardized.tsx(113,34): error TS2339: Property 'fuelSold' does not exist on type 'DashboardData'.
src/features/dashboard/components/DashboardOverviewStandardized.tsx(116,34): error TS2339: Property 'fuelSoldPercentChange' does not exist on type 'DashboardData'.
src/features/dashboard/components/DashboardOverviewStandardized.tsx(117,34): error TS2339: Property 'fuelSoldPercentChange' does not exist on type 'DashboardData'.
src/features/dashboard/components/DashboardOverviewStandardized.tsx(147,34): error TS2339: Property 'expensesPercentChange' does not exist on type 'DashboardData'.
src/features/dashboard/components/DashboardOverviewStandardized.tsx(148,34): error TS2339: Property 'expensesPercentChange' does not exist on type 'DashboardData'.
src/features/dashboard/components/DashboardOverviewStandardized.tsx(174,34): error TS2339: Property 'profit' does not exist on type 'DashboardData'.
src/features/dashboard/components/DashboardOverviewStandardized.tsx(177,34): error TS2339: Property 'profitPercentChange' does not exist on type 'DashboardData'.
src/features/dashboard/components/DashboardOverviewStandardized.tsx(178,34): error TS2339: Property 'profitPercentChange' does not exist on type 'DashboardData'.
src/features/dashboard/components/FuelLevelVisualizationStandardized.tsx(11,23): error TS2307: Cannot find module '@/core/components/ui/badge' or its corresponding type declarations.
src/features/dashboard/components/FuelManagementDashboardPro.tsx(102,21): error TS2304: Cannot find name 'cn'.
src/features/dashboard/components/FuelManagementDashboardPro.tsx(125,29): error TS2304: Cannot find name 'cn'.
src/features/dashboard/components/FuelManagementDashboardPro.tsx(135,27): error TS2304: Cannot find name 'cn'.
src/features/dashboard/components/FuelManagementDashboardPro.tsx(201,23): error TS2304: Cannot find name 'cn'.
src/features/dashboard/components/FuelManagementDashboardPro.tsx(206,22): error TS2304: Cannot find name 'cn'.
src/features/dashboard/components/FuelManagementDashboardPro.tsx(250,27): error TS2304: Cannot find name 'cn'.
src/features/dashboard/components/FuelManagementDashboardPro.tsx(255,22): error TS2304: Cannot find name 'cn'.
src/features/dashboard/components/FuelManagementDashboardPro.tsx(371,23): error TS2304: Cannot find name 'cn'.
src/features/dashboard/components/FuelManagementDashboardPro.tsx(382,21): error TS2304: Cannot find name 'cn'.
src/features/dashboard/components/FuelManagementDashboardPro.tsx(477,14): error TS2322: Type '{ id: string; level: number; capacity: number; type: string; status: "Normal"; key: string; } | { id: string; level: number; capacity: number; type: string; status: "Low"; key: string; } | { id: string; level: number; capacity: number; type: string; status: "Critical"; key: string; }' is not assignable to type 'IntrinsicAttributes & { tankId: string; level: number; capacity: number; type: string; status: "Low" | "Critical" | "Normal"; }'.
  Property 'tankId' is missing in type '{ id: string; level: number; capacity: number; type: string; status: "Normal"; key: string; }' but required in type '{ tankId: string; level: number; capacity: number; type: string; status: "Low" | "Critical" | "Normal"; }'.
src/features/dashboard/components/FuelManagementDashboardPro.tsx(603,39): error TS2304: Cannot find name 'cn'.
src/features/dashboard/components/FuelManagementDashboardPro.tsx(620,38): error TS2304: Cannot find name 'cn'.
src/features/dashboard/components/IncomeExpenseOverview.tsx(174,21): error TS2339: Property 'date' does not exist on type 'Expense'.
src/features/dashboard/components/MetricsCardsStandardized.tsx(55,32): error TS2339: Property 'totalRevenue' does not exist on type 'DashboardData'.
src/features/dashboard/components/MetricsCardsStandardized.tsx(58,50): error TS2339: Property 'revenueChange' does not exist on type 'DashboardData'.
src/features/dashboard/components/MetricsCardsStandardized.tsx(73,32): error TS2339: Property 'totalLitersSold' does not exist on type 'DashboardData'.
src/features/dashboard/components/MetricsCardsStandardized.tsx(76,50): error TS2339: Property 'salesVolumeChange' does not exist on type 'DashboardData'.
src/features/dashboard/components/MetricsCardsStandardized.tsx(94,50): error TS2339: Property 'expensesChange' does not exist on type 'DashboardData'.
src/features/dashboard/components/MetricsCardsStandardized.tsx(109,32): error TS2339: Property 'efficiencyRatio' does not exist on type 'DashboardData'.
src/features/dashboard/components/MetricsCardsStandardized.tsx(112,50): error TS2339: Property 'efficiencyChange' does not exist on type 'DashboardData'.
src/features/dashboard/components/SalesSummaryWidgetStandardized.tsx(32,5): error TS2339: Property 'recentSales' does not exist on type '{ data: DashboardData | undefined; isLoading: boolean; error: Error | null; fuelLevels: Record<string, number>; isLoadingFuelLevels: boolean; fuelLevelsError: Error | null; ... 5 more ...; financialDataError: Error | null; }'.
src/features/dashboard/components/SalesSummaryWidgetStandardized.tsx(33,5): error TS2339: Property 'isLoadingRecentSales' does not exist on type '{ data: DashboardData | undefined; isLoading: boolean; error: Error | null; fuelLevels: Record<string, number>; isLoadingFuelLevels: boolean; fuelLevelsError: Error | null; ... 5 more ...; financialDataError: Error | null; }'.
src/features/dashboard/components/SalesSummaryWidgetStandardized.tsx(70,30): error TS2551: Property 'totalSales' does not exist on type 'SalesSummary'. Did you mean 'total_sales'?
src/features/dashboard/components/SalesSummaryWidgetStandardized.tsx(78,30): error TS2339: Property 'totalVolume' does not exist on type 'SalesSummary'.
src/features/dashboard/components/SalesSummaryWidgetStandardized.tsx(86,30): error TS2339: Property 'averageSale' does not exist on type 'SalesSummary'.
src/features/dashboard/components/SalesSummaryWidgetStandardized.tsx(106,46): error TS7006: Parameter 'sale' implicitly has an 'any' type.
src/features/dashboard/hooks/__tests__/useDashboard.test.ts(10,47): error TS2307: Cannot find module '@/test/utils/test-setup' or its corresponding type declarations.
src/features/dashboard/hooks/__tests__/useDashboard.test.ts(309,37): error TS7006: Parameter 'endpoint' implicitly has an 'any' type.
src/features/dashboard/hooks/__tests__/useDashboard.test.ts(347,37): error TS7006: Parameter 'endpoint' implicitly has an 'any' type.
src/features/dashboard/services/dashboard.ts(30,64): error TS2339: Property 'total_price' does not exist on type 'Sale'.
src/features/employees/components/EmployeeDialogStandardized.tsx(137,24): error TS2352: Conversion of type 'Control<{ position: string; first_name: string; last_name: string; hire_date?: string | undefined; salary?: number | undefined; status?: "active" | "inactive" | "on_leave" | undefined; notes?: string | undefined; email?: string | undefined; department?: string | undefined; phone?: string | undefined; }>' to type 'Control<FieldValues>' may be a mistake because neither type sufficiently overlaps with the other. If this was intentional, convert the expression to 'unknown' first.
  Types of property 'register' are incompatible.
    Type 'UseFormRegister<{ position: string; first_name: string; last_name: string; hire_date?: string | undefined; salary?: number | undefined; status?: "active" | "inactive" | "on_leave" | undefined; notes?: string | undefined; email?: string | undefined; department?: string | undefined; phone?: string | undefined; }>' is not comparable to type 'UseFormRegister<FieldValues>'.
      Type 'FieldValues' is missing the following properties from type '{ position: string; first_name: string; last_name: string; hire_date?: string | undefined; salary?: number | undefined; status?: "active" | "inactive" | "on_leave" | undefined; notes?: string | undefined; email?: string | undefined; department?: string | undefined; phone?: string | undefined; }': position, first_name, last_name
src/features/employees/components/EmployeeDialogStandardized.tsx(151,24): error TS2352: Conversion of type 'Control<{ position: string; first_name: string; last_name: string; hire_date?: string | undefined; salary?: number | undefined; status?: "active" | "inactive" | "on_leave" | undefined; notes?: string | undefined; email?: string | undefined; department?: string | undefined; phone?: string | undefined; }>' to type 'Control<FieldValues>' may be a mistake because neither type sufficiently overlaps with the other. If this was intentional, convert the expression to 'unknown' first.
  Types of property 'register' are incompatible.
    Type 'UseFormRegister<{ position: string; first_name: string; last_name: string; hire_date?: string | undefined; salary?: number | undefined; status?: "active" | "inactive" | "on_leave" | undefined; notes?: string | undefined; email?: string | undefined; department?: string | undefined; phone?: string | undefined; }>' is not comparable to type 'UseFormRegister<FieldValues>'.
      Type 'FieldValues' is missing the following properties from type '{ position: string; first_name: string; last_name: string; hire_date?: string | undefined; salary?: number | undefined; status?: "active" | "inactive" | "on_leave" | undefined; notes?: string | undefined; email?: string | undefined; department?: string | undefined; phone?: string | undefined; }': position, first_name, last_name
src/features/employees/components/EmployeeDialogStandardized.tsx(166,22): error TS2352: Conversion of type 'Control<{ position: string; first_name: string; last_name: string; hire_date?: string | undefined; salary?: number | undefined; status?: "active" | "inactive" | "on_leave" | undefined; notes?: string | undefined; email?: string | undefined; department?: string | undefined; phone?: string | undefined; }>' to type 'Control<FieldValues>' may be a mistake because neither type sufficiently overlaps with the other. If this was intentional, convert the expression to 'unknown' first.
  Types of property 'register' are incompatible.
    Type 'UseFormRegister<{ position: string; first_name: string; last_name: string; hire_date?: string | undefined; salary?: number | undefined; status?: "active" | "inactive" | "on_leave" | undefined; notes?: string | undefined; email?: string | undefined; department?: string | undefined; phone?: string | undefined; }>' is not comparable to type 'UseFormRegister<FieldValues>'.
      Type 'FieldValues' is missing the following properties from type '{ position: string; first_name: string; last_name: string; hire_date?: string | undefined; salary?: number | undefined; status?: "active" | "inactive" | "on_leave" | undefined; notes?: string | undefined; email?: string | undefined; department?: string | undefined; phone?: string | undefined; }': position, first_name, last_name
src/features/employees/components/EmployeeDialogStandardized.tsx(180,22): error TS2352: Conversion of type 'Control<{ position: string; first_name: string; last_name: string; hire_date?: string | undefined; salary?: number | undefined; status?: "active" | "inactive" | "on_leave" | undefined; notes?: string | undefined; email?: string | undefined; department?: string | undefined; phone?: string | undefined; }>' to type 'Control<FieldValues>' may be a mistake because neither type sufficiently overlaps with the other. If this was intentional, convert the expression to 'unknown' first.
  Types of property 'register' are incompatible.
    Type 'UseFormRegister<{ position: string; first_name: string; last_name: string; hire_date?: string | undefined; salary?: number | undefined; status?: "active" | "inactive" | "on_leave" | undefined; notes?: string | undefined; email?: string | undefined; department?: string | undefined; phone?: string | undefined; }>' is not comparable to type 'UseFormRegister<FieldValues>'.
      Type 'FieldValues' is missing the following properties from type '{ position: string; first_name: string; last_name: string; hire_date?: string | undefined; salary?: number | undefined; status?: "active" | "inactive" | "on_leave" | undefined; notes?: string | undefined; email?: string | undefined; department?: string | undefined; phone?: string | undefined; }': position, first_name, last_name
src/features/employees/components/EmployeeDialogStandardized.tsx(195,24): error TS2352: Conversion of type 'Control<{ position: string; first_name: string; last_name: string; hire_date?: string | undefined; salary?: number | undefined; status?: "active" | "inactive" | "on_leave" | undefined; notes?: string | undefined; email?: string | undefined; department?: string | undefined; phone?: string | undefined; }>' to type 'Control<FieldValues>' may be a mistake because neither type sufficiently overlaps with the other. If this was intentional, convert the expression to 'unknown' first.
  Types of property 'register' are incompatible.
    Type 'UseFormRegister<{ position: string; first_name: string; last_name: string; hire_date?: string | undefined; salary?: number | undefined; status?: "active" | "inactive" | "on_leave" | undefined; notes?: string | undefined; email?: string | undefined; department?: string | undefined; phone?: string | undefined; }>' is not comparable to type 'UseFormRegister<FieldValues>'.
      Type 'FieldValues' is missing the following properties from type '{ position: string; first_name: string; last_name: string; hire_date?: string | undefined; salary?: number | undefined; status?: "active" | "inactive" | "on_leave" | undefined; notes?: string | undefined; email?: string | undefined; department?: string | undefined; phone?: string | undefined; }': position, first_name, last_name
src/features/employees/components/EmployeeDialogStandardized.tsx(209,24): error TS2352: Conversion of type 'Control<{ position: string; first_name: string; last_name: string; hire_date?: string | undefined; salary?: number | undefined; status?: "active" | "inactive" | "on_leave" | undefined; notes?: string | undefined; email?: string | undefined; department?: string | undefined; phone?: string | undefined; }>' to type 'Control<FieldValues>' may be a mistake because neither type sufficiently overlaps with the other. If this was intentional, convert the expression to 'unknown' first.
  Types of property 'register' are incompatible.
    Type 'UseFormRegister<{ position: string; first_name: string; last_name: string; hire_date?: string | undefined; salary?: number | undefined; status?: "active" | "inactive" | "on_leave" | undefined; notes?: string | undefined; email?: string | undefined; department?: string | undefined; phone?: string | undefined; }>' is not comparable to type 'UseFormRegister<FieldValues>'.
      Type 'FieldValues' is missing the following properties from type '{ position: string; first_name: string; last_name: string; hire_date?: string | undefined; salary?: number | undefined; status?: "active" | "inactive" | "on_leave" | undefined; notes?: string | undefined; email?: string | undefined; department?: string | undefined; phone?: string | undefined; }': position, first_name, last_name
src/features/employees/components/EmployeeDialogStandardized.tsx(238,24): error TS2352: Conversion of type 'Control<{ position: string; first_name: string; last_name: string; hire_date?: string | undefined; salary?: number | undefined; status?: "active" | "inactive" | "on_leave" | undefined; notes?: string | undefined; email?: string | undefined; department?: string | undefined; phone?: string | undefined; }>' to type 'Control<FieldValues>' may be a mistake because neither type sufficiently overlaps with the other. If this was intentional, convert the expression to 'unknown' first.
  Types of property 'register' are incompatible.
    Type 'UseFormRegister<{ position: string; first_name: string; last_name: string; hire_date?: string | undefined; salary?: number | undefined; status?: "active" | "inactive" | "on_leave" | undefined; notes?: string | undefined; email?: string | undefined; department?: string | undefined; phone?: string | undefined; }>' is not comparable to type 'UseFormRegister<FieldValues>'.
      Type 'FieldValues' is missing the following properties from type '{ position: string; first_name: string; last_name: string; hire_date?: string | undefined; salary?: number | undefined; status?: "active" | "inactive" | "on_leave" | undefined; notes?: string | undefined; email?: string | undefined; department?: string | undefined; phone?: string | undefined; }': position, first_name, last_name
src/features/employees/components/EmployeeDialogStandardized.tsx(252,24): error TS2352: Conversion of type 'Control<{ position: string; first_name: string; last_name: string; hire_date?: string | undefined; salary?: number | undefined; status?: "active" | "inactive" | "on_leave" | undefined; notes?: string | undefined; email?: string | undefined; department?: string | undefined; phone?: string | undefined; }>' to type 'Control<FieldValues>' may be a mistake because neither type sufficiently overlaps with the other. If this was intentional, convert the expression to 'unknown' first.
  Types of property 'register' are incompatible.
    Type 'UseFormRegister<{ position: string; first_name: string; last_name: string; hire_date?: string | undefined; salary?: number | undefined; status?: "active" | "inactive" | "on_leave" | undefined; notes?: string | undefined; email?: string | undefined; department?: string | undefined; phone?: string | undefined; }>' is not comparable to type 'UseFormRegister<FieldValues>'.
      Type 'FieldValues' is missing the following properties from type '{ position: string; first_name: string; last_name: string; hire_date?: string | undefined; salary?: number | undefined; status?: "active" | "inactive" | "on_leave" | undefined; notes?: string | undefined; email?: string | undefined; department?: string | undefined; phone?: string | undefined; }': position, first_name, last_name
src/features/employees/components/EmployeeDialogStandardized.tsx(267,22): error TS2352: Conversion of type 'Control<{ position: string; first_name: string; last_name: string; hire_date?: string | undefined; salary?: number | undefined; status?: "active" | "inactive" | "on_leave" | undefined; notes?: string | undefined; email?: string | undefined; department?: string | undefined; phone?: string | undefined; }>' to type 'Control<FieldValues>' may be a mistake because neither type sufficiently overlaps with the other. If this was intentional, convert the expression to 'unknown' first.
  Types of property 'register' are incompatible.
    Type 'UseFormRegister<{ position: string; first_name: string; last_name: string; hire_date?: string | undefined; salary?: number | undefined; status?: "active" | "inactive" | "on_leave" | undefined; notes?: string | undefined; email?: string | undefined; department?: string | undefined; phone?: string | undefined; }>' is not comparable to type 'UseFormRegister<FieldValues>'.
      Type 'FieldValues' is missing the following properties from type '{ position: string; first_name: string; last_name: string; hire_date?: string | undefined; salary?: number | undefined; status?: "active" | "inactive" | "on_leave" | undefined; notes?: string | undefined; email?: string | undefined; department?: string | undefined; phone?: string | undefined; }': position, first_name, last_name
src/features/employees/components/EmployeeManager.tsx(34,5): error TS2322: Type '((employee: import("C:/Users/gor_p/Documents/Ararat OIL/web-tech-whisperer-vibe/src/features/employees/types/employees.types").Employee) => void) | undefined' is not assignable to type '((employee: import("C:/Users/gor_p/Documents/Ararat OIL/web-tech-whisperer-vibe/src/core/types/index").Employee) => void) | undefined'.
  Type '(employee: import("C:/Users/gor_p/Documents/Ararat OIL/web-tech-whisperer-vibe/src/features/employees/types/employees.types").Employee) => void' is not assignable to type '(employee: import("C:/Users/gor_p/Documents/Ararat OIL/web-tech-whisperer-vibe/src/core/types/index").Employee) => void'.
    Types of parameters 'employee' and 'employee' are incompatible.
      Type 'Employee' is missing the following properties from type 'Employee': first_name, last_name, email, phone, and 3 more.
src/features/employees/components/EmployeeManager.tsx(35,5): error TS2322: Type '((employee: import("C:/Users/gor_p/Documents/Ararat OIL/web-tech-whisperer-vibe/src/features/employees/types/employees.types").Employee) => void) | undefined' is not assignable to type '((employee: import("C:/Users/gor_p/Documents/Ararat OIL/web-tech-whisperer-vibe/src/core/types/index").Employee) => void) | undefined'.
  Type '(employee: import("C:/Users/gor_p/Documents/Ararat OIL/web-tech-whisperer-vibe/src/features/employees/types/employees.types").Employee) => void' is not assignable to type '(employee: import("C:/Users/gor_p/Documents/Ararat OIL/web-tech-whisperer-vibe/src/core/types/index").Employee) => void'.
    Types of parameters 'employee' and 'employee' are incompatible.
      Type 'Employee' is missing the following properties from type 'Employee': first_name, last_name, email, phone, and 3 more.
src/features/employees/components/EmployeeManager.tsx(64,19): error TS2352: Conversion of type 'Employee | null' to type 'Employee' may be a mistake because neither type sufficiently overlaps with the other. If this was intentional, convert the expression to 'unknown' first.
  Type 'Employee' is missing the following properties from type 'Employee': first_name, last_name, email, phone, and 3 more.
src/features/employees/components/index.ts(2,15): error TS2307: Cannot find module './EmployeesTable' or its corresponding type declarations.
src/features/employees/hooks/__tests__/useEmployees.test.ts(3,30): error TS2307: Cannot find module '../useEmployees' or its corresponding type declarations.
src/features/employees/hooks/__tests__/useEmployees.test.ts(8,8): error TS2307: Cannot find module '@/test/utils/test-setup' or its corresponding type declarations.
src/features/employees/hooks/index.ts(1,15): error TS2307: Cannot find module './useEmployees' or its corresponding type declarations.
src/features/employees/types/employees.types.ts(1,31): error TS2307: Cannot find module '@/types/supabase' or its corresponding type declarations.
src/features/employees/utils/employeeMappers.ts(1,31): error TS2307: Cannot find module '@/types/supabase' or its corresponding type declarations.
src/features/expenses/pages/ExpensesPage.tsx(12,24): error TS7016: Could not find a declaration file for module 'file-saver'. 'C:/Users/gor_p/Documents/Ararat OIL/web-tech-whisperer-vibe/node_modules/file-saver/dist/FileSaver.min.js' implicitly has an 'any' type.
  Try `npm i --save-dev @types/file-saver` if it exists or add a new declaration (.d.ts) file containing `declare module 'file-saver';`
src/features/expenses/pages/ExpensesPage.tsx(125,67): error TS2345: Argument of type '"export"' is not assignable to parameter of type '"delete" | "create" | "update"'.
src/features/expenses/pages/ExpensesPage.tsx(134,58): error TS2345: Argument of type '"export"' is not assignable to parameter of type '"fetch" | "delete" | "get" | "create" | "update"'.
src/features/expenses/pages/ExpensesPage.tsx(191,21): error TS2322: Type '{ children: Element; heading: string; subheading: string; }' is not assignable to type 'IntrinsicAttributes & PageHeaderProps'.
  Property 'heading' does not exist on type 'IntrinsicAttributes & PageHeaderProps'.
src/features/expenses/pages/ExpensesPage.tsx(202,32): error TS2322: Type '{ onClose: () => void; }' is not assignable to type 'IntrinsicAttributes & HTMLAttributes<HTMLDivElement>'.
  Property 'onClose' does not exist on type 'IntrinsicAttributes & HTMLAttributes<HTMLDivElement>'.
src/features/expenses/pages/ExpensesPage.tsx(209,15): error TS2322: Type 'Dispatch<SetStateAction<{ from: Date; to?: Date | undefined; }>>' is not assignable to type '(date: DateRange | undefined) => void'.
  Types of parameters 'value' and 'date' are incompatible.
    Type 'DateRange | undefined' is not assignable to type 'SetStateAction<{ from: Date; to?: Date | undefined; }>'.
      Type 'undefined' is not assignable to type 'SetStateAction<{ from: Date; to?: Date | undefined; }>'.
src/features/expenses/pages/ExpensesPage.tsx(261,11): error TS2322: Type '{ startDate: string; endDate: string | undefined; onDelete: (id: string) => Promise<void>; }' is not assignable to type 'IntrinsicAttributes & ExpensesTableStandardizedProps'.
  Property 'startDate' does not exist on type 'IntrinsicAttributes & ExpensesTableStandardizedProps'.
src/features/filling-systems/components/FillingSystemCard.tsx(4,23): error TS2307: Cannot find module '@/core/components/ui/badge' or its corresponding type declarations.
src/features/filling-systems/components/FillingSystemCard.tsx(9,41): error TS2307: Cannot find module './FillingSystemFormDialog' or its corresponding type declarations.
src/features/filling-systems/components/FillingSystemCard.tsx(41,15): error TS2693: 'fillingsApi' only refers to a type, but is being used as a value here.
src/features/filling-systems/components/FillingSystemManagerStandardized.tsx(53,8): error TS7006: Parameter 'apiSystem' implicitly has an 'any' type.
src/features/filling-systems/hooks/useFillingSystem.ts(16,3): error TS2305: Module '"../services"' has no exported member 'getFillingSystemsWithFilters'.
src/features/filling-systems/hooks/useFillingSystem.ts(17,3): error TS2459: Module '"../services"' declares 'getFillingSystemById' locally, but it is not exported.
src/features/filling-systems/hooks/useFillingSystem.ts(18,3): error TS2459: Module '"../services"' declares 'createFillingSystem' locally, but it is not exported.
src/features/filling-systems/hooks/useFillingSystem.ts(19,3): error TS2459: Module '"../services"' declares 'updateFillingSystem' locally, but it is not exported.
src/features/filling-systems/hooks/useFillingSystem.ts(20,3): error TS2459: Module '"../services"' declares 'deleteFillingSystem' locally, but it is not exported.
src/features/filling-systems/hooks/useFillingSystem.ts(21,3): error TS2305: Module '"../services"' has no exported member 'validateTankIds'.
src/features/filling-systems/index.ts(14,49): error TS2307: Cannot find module './components/ConfirmDeleteDialogStandardized' or its corresponding type declarations.
src/features/finance/components/FinanceManagerStandardized.tsx(126,13): error TS2322: Type 'ProfitLoss | undefined' is not assignable to type 'ProfitLoss[]'.
  Type 'undefined' is not assignable to type 'ProfitLoss[]'.
src/features/finance/components/FinanceManagerStandardized.tsx(135,9): error TS2322: Type 'Transaction | null' is not assignable to type 'Transaction | undefined'.
  Type 'null' is not assignable to type 'Transaction | undefined'.
src/features/finance/components/FinancialDashboardStandardized.tsx(134,28): error TS2339: Property 'totalRevenue' does not exist on type 'FinanceOverview'.
src/features/finance/components/FinancialDashboardStandardized.tsx(138,28): error TS2339: Property 'revenueTrend' does not exist on type 'FinanceOverview'.
src/features/finance/components/FinancialDashboardStandardized.tsx(143,28): error TS2551: Property 'totalExpenses' does not exist on type 'FinanceOverview'. Did you mean 'total_expenses'?
src/features/finance/components/FinancialDashboardStandardized.tsx(147,28): error TS2339: Property 'expensesTrend' does not exist on type 'FinanceOverview'.
src/features/finance/components/FinancialDashboardStandardized.tsx(152,28): error TS2339: Property 'profit' does not exist on type 'FinanceOverview'.
src/features/finance/components/FinancialDashboardStandardized.tsx(156,28): error TS2339: Property 'profitTrend' does not exist on type 'FinanceOverview'.
src/features/finance/components/FinancialDashboardStandardized.tsx(161,31): error TS2339: Property 'profitMargin' does not exist on type 'FinanceOverview'.
src/features/finance/components/FinancialDashboardStandardized.tsx(162,28): error TS2339: Property 'profitMarginTrend' does not exist on type 'FinanceOverview'.
src/features/finance/components/NewSaleButton.tsx(28,9): error TS2561: Object literal may only specify known properties, but 'fuel_type_id' does not exist in type 'Omit<Sale, "id" | "created_at" | "updated_at">'. Did you mean to write 'fuel_type'?
src/features/finance/components/SalesDialogsStandardized.tsx(14,40): error TS2307: Cannot find module './form/PriceAndEmployeeInputs' or its corresponding type declarations.
src/features/finance/components/SalesDialogsStandardized.tsx(196,9): error TS2322: Type '{ open: boolean; onOpenChange: (open: boolean) => void; title: string; description: string; onConfirm: () => void; isLoading: boolean; }' is not assignable to type 'IntrinsicAttributes & DeleteConfirmDialogProps'.
  Property 'open' does not exist on type 'IntrinsicAttributes & DeleteConfirmDialogProps'.
src/features/finance/components/SalesFormStandardized.tsx(19,40): error TS2307: Cannot find module './form/PriceAndEmployeeInputs' or its corresponding type declarations.
src/features/finance/components/SalesManager.tsx(93,54): error TS2551: Property 'closeDeleteDialog' does not exist on type '{ isEditDialogOpen: boolean; setIsEditDialogOpen: Dispatch<SetStateAction<boolean>>; isDeleteDialogOpen: boolean; setIsDeleteDialogOpen: Dispatch<SetStateAction<boolean>>; ... 7 more ...; handleDelete: () => Promise<...>; }'. Did you mean 'openDeleteDialog'?
src/features/finance/components/ShiftControl.tsx(33,9): error TS2322: Type '{ children: Element; open: boolean; onOpenChange: Dispatch<SetStateAction<boolean>>; title: string; actions: Element; }' is not assignable to type 'IntrinsicAttributes & StandardDialogProps'.
  Property 'open' does not exist on type 'IntrinsicAttributes & StandardDialogProps'.
src/features/finance/components/TankFormDialogStandardized.tsx(66,11): error TS2322: Type 'string' is not assignable to type 'FuelType | FuelTypeModel'.
  Type 'string' is not assignable to type 'FuelType | FuelTypeModel'.
src/features/finance/components/TankFormDialogStandardized.tsx(111,7): error TS2322: Type '{ children: Element; open: boolean; onOpenChange: (open: boolean) => void; title: string; description: string; maxWidth: string; actions: Element; }' is not assignable to type 'IntrinsicAttributes & StandardDialogProps'.
  Property 'open' does not exist on type 'IntrinsicAttributes & StandardDialogProps'.
src/features/finance/components/TankFormDialogStandardized.tsx(124,11): error TS2322: Type '{ name: "name"; label: string; form: UseFormReturn<{ name: string; fuel_type: "diesel" | "petrol" | "cng"; capacity: number; }>; placeholder: string; autoComplete: string; }' is not assignable to type 'IntrinsicAttributes & FormInputProps<{ name: string; fuel_type: "diesel" | "petrol" | "cng"; capacity: number; }, "name">'.
  Property 'autoComplete' does not exist on type 'IntrinsicAttributes & FormInputProps<{ name: string; fuel_type: "diesel" | "petrol" | "cng"; capacity: number; }, "name">'.
src/features/finance/components/TransactionDialogStandardized.tsx(72,26): error TS2339: Property 'type' does not exist on type 'Transaction'.
src/features/finance/components/TransactionDialogStandardized.tsx(73,30): error TS2339: Property 'category' does not exist on type 'Transaction'.
src/features/finance/components/TransactionDialogStandardized.tsx(75,26): error TS2339: Property 'date' does not exist on type 'Transaction'.
src/features/finance/components/TransactionDialogStandardized.tsx(76,32): error TS2339: Property 'date' does not exist on type 'Transaction'.
src/features/finance/hooks/__tests__/useFinance.test.ts(8,8): error TS2307: Cannot find module '@/test/utils/test-setup' or its corresponding type declarations.
src/features/finance/hooks/__tests__/useFinance.test.ts(10,3): error TS2305: Module '"../../types/finance.types"' has no exported member 'FinanceTransaction'.
src/features/finance/hooks/__tests__/useFinance.test.ts(12,3): error TS2724: '"../../types/finance.types"' has no exported member named 'ProfitLossData'. Did you mean 'ProfitLoss'?
src/features/finance/hooks/__tests__/useSalesQuery.test.ts(8,50): error TS2307: Cannot find module '@/test/utils/test-setup' or its corresponding type declarations.
src/features/finance/hooks/__tests__/useSalesQuery.test.ts(9,31): error TS2307: Cannot find module '../../services/sales' or its corresponding type declarations.
src/features/finance/hooks/useSalesDialog.ts(63,65): error TS2345: Argument of type 'UpdateSaleRequest' is not assignable to parameter of type 'Partial<Sale>'.
  Types of property 'saleDate' are incompatible.
    Type 'string | Date | undefined' is not assignable to type 'Date | undefined'.
      Type 'string' is not assignable to type 'Date'.
src/features/finance/hooks/useSalesDialog.ts(77,44): error TS2345: Argument of type 'CreateSaleRequest' is not assignable to parameter of type 'Partial<Sale>'.
  Types of property 'saleDate' are incompatible.
    Type 'string | Date' is not assignable to type 'Date | undefined'.
      Type 'string' is not assignable to type 'Date'.
src/features/finance/hooks/useSalesQuery.ts(10,10): error TS2305: Module '"../services"' has no exported member 'getSales'.
src/features/finance/hooks/useSalesQuery.ts(10,20): error TS2305: Module '"../services"' has no exported member 'getSaleById'.
src/features/finance/hooks/useSalesQuery.ts(10,33): error TS2305: Module '"../services"' has no exported member 'createSale'.
src/features/finance/hooks/useSalesQuery.ts(10,45): error TS2305: Module '"../services"' has no exported member 'updateSale'.
src/features/finance/hooks/useSalesQuery.ts(10,57): error TS2305: Module '"../services"' has no exported member 'deleteSale'.
src/features/finance/pages/ExpenseCreate.tsx(16,3): error TS2305: Module '"@/core/api"' has no exported member 'PaymentStatus'.
src/features/finance/pages/ExpenseCreate.tsx(17,3): error TS2305: Module '"@/core/api"' has no exported member 'ExpenseCategory'.
src/features/finance/pages/ExpenseCreate.tsx(18,3): error TS2305: Module '"@/core/api"' has no exported member 'PaymentMethod'.
src/features/finance/pages/ExpenseCreate.tsx(21,36): error TS2307: Cannot find module '@/hooks/usePageBreadcrumbs' or its corresponding type declarations.
src/features/finance/pages/ExpenseCreate.tsx(114,7): error TS2322: Type '"pending" | "completed" | "failed" | "refunded"' is not assignable to type '"paid" | "pending" | "cancelled"'.
  Type '"completed"' is not assignable to type '"paid" | "pending" | "cancelled"'.
src/features/finance/pages/ExpenseCreate.tsx(177,13): error TS2559: Type '{ date: string; payment_status: PaymentStatus; }' has no properties in common with type 'Partial<Expense>'.
src/features/finance/pages/ExpenseForm.tsx(82,28): error TS2339: Property 'date' does not exist on type 'Partial<Expense>'.
src/features/finance/pages/ExpenseForm.tsx(86,38): error TS2551: Property 'payment_status' does not exist on type 'Partial<Expense>'. Did you mean 'paymentStatus'?
src/features/finance/pages/ExpenseForm.tsx(87,38): error TS2551: Property 'payment_method' does not exist on type 'Partial<Expense>'. Did you mean 'paymentMethod'?
src/features/finance/pages/SalesCreate.tsx(50,44): error TS2345: Argument of type 'CreateSaleRequest' is not assignable to parameter of type 'Partial<Sale>'.
  Types of property 'saleDate' are incompatible.
    Type 'string | Date' is not assignable to type 'Date | undefined'.
      Type 'string' is not assignable to type 'Date'.
src/features/finance/pages/SalesNew.tsx(42,11): error TS2339: Property 'systems' does not exist on type '{ filters: SalesFilters; updateFilters: (newFilters: Partial<SalesFilters>) => void; resetFilters: () => void; filterOptions: { fuelTypes: { value: string; label: string; }[]; paymentStatuses: { ...; }[]; }; }'.
src/features/finance/pages/SalesNew.tsx(42,20): error TS2339: Property 'filteredSales' does not exist on type '{ filters: SalesFilters; updateFilters: (newFilters: Partial<SalesFilters>) => void; resetFilters: () => void; filterOptions: { fuelTypes: { value: string; label: string; }[]; paymentStatuses: { ...; }[]; }; }'.
src/features/finance/pages/SalesNew.tsx(42,35): error TS2339: Property 'isLoading' does not exist on type '{ filters: SalesFilters; updateFilters: (newFilters: Partial<SalesFilters>) => void; resetFilters: () => void; filterOptions: { fuelTypes: { value: string; label: string; }[]; paymentStatuses: { ...; }[]; }; }'.
src/features/finance/pages/SalesNew.tsx(42,46): error TS2339: Property 'refetchSales' does not exist on type '{ filters: SalesFilters; updateFilters: (newFilters: Partial<SalesFilters>) => void; resetFilters: () => void; filterOptions: { fuelTypes: { value: string; label: string; }[]; paymentStatuses: { ...; }[]; }; }'.
src/features/finance/pages/SalesNew.tsx(75,46): error TS2339: Property 'total_sales' does not exist on type 'Sale'.
src/features/finance/pages/SalesNew.tsx(80,46): error TS2339: Property 'quantity' does not exist on type 'Sale'.
src/features/finance/pages/SalesNew.tsx(99,23): error TS2345: Argument of type 'Sale' is not assignable to parameter of type 'SetStateAction<Sale | null>'.
  Type 'Sale' is missing the following properties from type 'Sale': filling_system_id, fuel_type, liters, price_per_unit, and 3 more.
src/features/finance/pages/SalesNew.tsx(107,34): error TS7006: Parameter 'sale' implicitly has an 'any' type.
src/features/finance/pages/SalesNew.tsx(128,9): error TS2322: Type '{ title: string; icon: Element; actions: Element; }' is not assignable to type 'IntrinsicAttributes & PageHeaderProps'.
  Property 'icon' does not exist on type 'IntrinsicAttributes & PageHeaderProps'.
src/features/finance/pages/SalesNew.tsx(173,48): error TS7006: Parameter 's' implicitly has an 'any' type.
src/features/finance/pages/SalesNew.tsx(178,13): error TS2322: Type '{ sales: any; isLoading: any; onEdit: (id: Sale) => void; onDelete: (id: string) => void; onView: (sale: Sale) => void; systems: any; fuelTypes: { id: unknown; name: unknown; }[]; onFiltersChange: (filters: SalesFilters) => void; }' is not assignable to type 'IntrinsicAttributes & SalesTableStandardizedProps'.
  Property 'systems' does not exist on type 'IntrinsicAttributes & SalesTableStandardizedProps'.
src/features/finance/pages/SalesNew.tsx(187,9): error TS2322: Type 'import("C:/Users/gor_p/Documents/Ararat OIL/web-tech-whisperer-vibe/src/core/api/types").Sale | null' is not assignable to type 'import("C:/Users/gor_p/Documents/Ararat OIL/web-tech-whisperer-vibe/src/core/types/index").Sale | null'.
  Type 'Sale' is missing the following properties from type 'Sale': amount, quantityLiters, unitPrice, saleDate, and 5 more.
src/features/finance/pages/SalesNew.tsx(192,53): error TS2345: Argument of type 'UpdateSaleRequest' is not assignable to parameter of type '{ id: string; updates: UpdateSaleRequest; }'.
  Property 'updates' is missing in type 'UpdateSaleRequest' but required in type '{ id: string; updates: UpdateSaleRequest; }'.
src/features/finance/pages/TransactionsPage.tsx(5,36): error TS2307: Cannot find module '@/hooks/usePageBreadcrumbs' or its corresponding type declarations.
src/features/finance/services/financials.ts(18,5): error TS2322: Type 'never[] | ProfitLoss' is not assignable to type 'ProfitLoss[]'.
  Type 'ProfitLoss' is missing the following properties from type 'ProfitLoss[]': length, pop, push, concat, and 29 more.
src/features/finance/services/profit-loss.ts(10,24): error TS2307: Cannot find module '@/core/utils/logger' or its corresponding type declarations.
src/features/finance/services/profit-loss.ts(11,32): error TS2307: Cannot find module '@/core/utils/error-handling' or its corresponding type declarations.
src/features/finance/services/profit-loss.ts(110,14): error TS2300: Duplicate identifier 'getProfitLossSummary'.
src/features/finance/services/profit-loss.ts(134,12): error TS2304: Cannot find name 'adapters'.
src/features/finance/services/profit-loss.ts(143,14): error TS2300: Duplicate identifier 'getProfitLossById'.
src/features/finance/services/profit-loss.ts(159,9): error TS2304: Cannot find name 'adapters'.
src/features/finance/services/profit-loss.ts(184,12): error TS2304: Cannot find name 'adapters'.
src/features/finance/services/profit-loss.ts(211,42): error TS2551: Property 'getProfitLoss' does not exist on type 'typeof import("C:/Users/gor_p/Documents/Ararat OIL/web-tech-whisperer-vibe/src/core/api/endpoints/profit-loss")'. Did you mean 'getProfitLossById'?
src/features/finance/services/profit-loss.ts(240,42): error TS2339: Property 'createProfitLoss' does not exist on type 'typeof import("C:/Users/gor_p/Documents/Ararat OIL/web-tech-whisperer-vibe/src/core/api/endpoints/profit-loss")'.
src/features/finance/services/profit-loss.ts(273,42): error TS2339: Property 'updateProfitLoss' does not exist on type 'typeof import("C:/Users/gor_p/Documents/Ararat OIL/web-tech-whisperer-vibe/src/core/api/endpoints/profit-loss")'.
src/features/finance/services/profit-loss.ts(303,42): error TS2339: Property 'deleteProfitLoss' does not exist on type 'typeof import("C:/Users/gor_p/Documents/Ararat OIL/web-tech-whisperer-vibe/src/core/api/endpoints/profit-loss")'.
src/features/finance/services/profit-loss.ts(320,23): error TS2300: Duplicate identifier 'getProfitLossSummary'.
src/features/finance/services/profit-loss.ts(327,63): error TS2345: Argument of type '{ start_date: string | undefined; end_date: string | undefined; }' is not assignable to parameter of type '"year" | "month" | "day" | "week" | "quarter" | "custom"'.
src/features/finance/services/profit-loss.ts(332,19): error TS2339: Property 'success' does not exist on type 'ApiResponse<Omit<ProfitLoss, "details">>'.
src/features/finance/services/profit-loss.ts(353,42): error TS2551: Property 'getProfitLoss' does not exist on type 'typeof import("C:/Users/gor_p/Documents/Ararat OIL/web-tech-whisperer-vibe/src/core/api/endpoints/profit-loss")'. Did you mean 'getProfitLossById'?
src/features/finance/services/profit-loss.ts(371,23): error TS2300: Duplicate identifier 'getProfitLossById'.
src/features/finance/services/profit-loss.ts(377,19): error TS2339: Property 'success' does not exist on type 'ApiResponse<ProfitLoss>'.
src/features/finance/services/transactions.ts(58,19): error TS2339: Property 'payment_method' does not exist on type 'Omit<Transaction, "id" | "created_at" | "updated_at">'.
src/features/finance/services/transactions.ts(60,21): error TS2339: Property 'payment_method' does not exist on type 'Omit<Transaction, "id" | "created_at" | "updated_at">'.
src/features/finance/services/transactions.ts(88,17): error TS2339: Property 'payment_method' does not exist on type 'Partial<Omit<Transaction, "id" | "created_at" | "updated_at">>'.
src/features/finance/services/transactions.ts(95,49): error TS2339: Property 'payment_method' does not exist on type 'Partial<Omit<Transaction, "id" | "created_at" | "updated_at">>'.
src/features/finance/services/transactions.ts(96,17): error TS2339: Property 'payment_method' does not exist on type 'Partial<Omit<Transaction, "id" | "created_at" | "updated_at">>'.
src/features/fuel-management/components/data-table/FuelSuppliesDataTable.tsx(130,76): error TS2339: Property 'provider' does not exist on type 'FuelSupply'.
src/features/fuel-management/components/data-table/FuelSuppliesDataTable.tsx(135,20): error TS2339: Property 'provider' does not exist on type 'FuelSupply'.
src/features/fuel-management/components/data-table/FuelSuppliesDataTable.tsx(146,26): error TS2339: Property 'tank' does not exist on type 'FuelSupply'.
src/features/fuel-management/components/data-table/FuelSuppliesDataTable.tsx(208,18): error TS2339: Property 'employee' does not exist on type 'FuelSupply'.
src/features/fuel-management/components/FillingSystemCard.tsx(4,23): error TS2307: Cannot find module '@/core/components/ui/badge' or its corresponding type declarations.
src/features/fuel-management/components/FillingSystemCard.tsx(9,41): error TS2307: Cannot find module './FillingSystemFormDialog' or its corresponding type declarations.
src/features/fuel-management/components/FillingSystemCard.tsx(41,15): error TS2693: 'fillingsApi' only refers to a type, but is being used as a value here.
src/features/fuel-management/components/FillingSystemFormStandardized.tsx(119,7): error TS2322: Type '{ children: Element; open: boolean; onOpenChange: (open: boolean) => void; title: string; description: string; maxWidth: string; actions: Element; }' is not assignable to type 'IntrinsicAttributes & StandardDialogProps'.
  Property 'open' does not exist on type 'IntrinsicAttributes & StandardDialogProps'.
src/features/fuel-management/components/FillingSystemFormStandardized.tsx(136,11): error TS2322: Type '{ name: "name"; label: string; form: UseFormReturn<{ name: string; tank_id: string; }>; placeholder: string; autoComplete: string; }' is not assignable to type 'IntrinsicAttributes & FormInputProps<{ name: string; tank_id: string; }, "name">'.
  Property 'autoComplete' does not exist on type 'IntrinsicAttributes & FormInputProps<{ name: string; tank_id: string; }, "name">'.
src/features/fuel-management/components/FillingSystemManagerStandardized.tsx(4,10): error TS2305: Module '"../types"' has no exported member 'FillingSystem'.
src/features/fuel-management/components/FillingSystemManagerStandardized.tsx(53,8): error TS7006: Parameter 'apiSystem' implicitly has an 'any' type.
src/features/fuel-management/components/filters/AdvancedSearchInput.tsx(4,3): error TS2305: Module '"@/core/components/ui/command"' has no exported member 'CommandDialog'.
src/features/fuel-management/components/filters/FilterBar.tsx(29,8): error TS2307: Cannot find module '@/core/components/ui/collapsible' or its corresponding type declarations.
src/features/fuel-management/components/FuelSalesStatusUpdate.tsx(41,11): error TS2353: Object literal may only specify known properties, and 'payment_status' does not exist in type 'Partial<Omit<Sale, "id" | "created_at" | "updated_at">>'.
src/features/fuel-management/components/FuelSalesTable.tsx(51,30): error TS2339: Property 'sale_date' does not exist on type 'FuelSale'.
src/features/fuel-management/components/FuelSalesTable.tsx(53,30): error TS2339: Property 'customer_name' does not exist on type 'FuelSale'.
src/features/fuel-management/components/FuelSalesTable.tsx(54,30): error TS2339: Property 'quantity_liters' does not exist on type 'FuelSale'.
src/features/fuel-management/components/FuelSalesTable.tsx(56,31): error TS2339: Property 'total_amount' does not exist on type 'FuelSale'.
src/features/fuel-management/components/FuelSuppliesManagerStandardized.tsx(56,9): error TS2322: Type '(supply: import("C:/Users/gor_p/Documents/Ararat OIL/web-tech-whisperer-vibe/src/features/fuel-management/types/index").FuelSupply) => void' is not assignable to type '(supply: import("C:/Users/gor_p/Documents/Ararat OIL/web-tech-whisperer-vibe/src/core/types/index").FuelSupply) => void'.
  Types of parameters 'supply' and 'supply' are incompatible.
    Type 'FuelSupply' is missing the following properties from type 'FuelSupply': supplier_id, fuel_type_id, quantity, unit_price, and 3 more.
src/features/fuel-management/components/FuelSuppliesManagerStandardized.tsx(57,9): error TS2322: Type '(supply: import("C:/Users/gor_p/Documents/Ararat OIL/web-tech-whisperer-vibe/src/features/fuel-management/types/index").FuelSupply) => void' is not assignable to type '(supply: import("C:/Users/gor_p/Documents/Ararat OIL/web-tech-whisperer-vibe/src/core/types/index").FuelSupply) => void'.
  Types of parameters 'supply' and 'supply' are incompatible.
    Type 'FuelSupply' is missing the following properties from type 'FuelSupply': supplier_id, fuel_type_id, quantity, unit_price, and 3 more.
src/features/fuel-management/components/summary/FuelSalesSummary.tsx(20,64): error TS2339: Property 'total_sales' does not exist on type 'FuelSale'.
src/features/fuel-management/components/TankController.tsx(4,10): error TS2305: Module '"../services"' has no exported member 'tanksService'.
src/features/fuel-management/components/TankController.tsx(60,9): error TS2322: Type 'unknown' is not assignable to type '{ id: string; name: string; }[]'.
src/features/fuel-management/components/TankHistory.tsx(2,10): error TS2305: Module '"../services"' has no exported member 'getTankLevelChanges'.
src/features/fuel-management/components/TankHistory.tsx(58,30): error TS7006: Parameter 'change' implicitly has an 'any' type.
src/features/fuel-management/components/TankLevelEditor.tsx(3,34): error TS2307: Cannot find module '../hooks/useTanks' or its corresponding type declarations.
src/features/fuel-management/components/TankManager.tsx(2,40): error TS2307: Cannot find module '../hooks/useTanks' or its corresponding type declarations.
src/features/fuel-management/hooks/__tests__/useTanks.test.ts(10,8): error TS2307: Cannot find module '../useTanks' or its corresponding type declarations.
src/features/fuel-management/hooks/__tests__/useTanks.test.ts(17,8): error TS2307: Cannot find module '@/test/utils/test-setup' or its corresponding type declarations.
src/features/fuel-management/hooks/__tests__/useTanks.test.ts(32,3): error TS2305: Module '"../../services"' has no exported member 'getTanks'.
src/features/fuel-management/hooks/__tests__/useTanks.test.ts(33,3): error TS2305: Module '"../../services"' has no exported member 'getTankById'.
src/features/fuel-management/hooks/__tests__/useTanks.test.ts(34,3): error TS2305: Module '"../../services"' has no exported member 'getTankLevelChanges'.
src/features/fuel-management/hooks/__tests__/useTanks.test.ts(35,3): error TS2305: Module '"../../services"' has no exported member 'createTank'.
src/features/fuel-management/hooks/__tests__/useTanks.test.ts(36,3): error TS2305: Module '"../../services"' has no exported member 'updateTank'.
src/features/fuel-management/hooks/__tests__/useTanks.test.ts(37,3): error TS2305: Module '"../../services"' has no exported member 'deleteTank'.
src/features/fuel-management/hooks/__tests__/useTanks.test.ts(38,3): error TS2305: Module '"../../services"' has no exported member 'getFuelTypes'.
src/features/fuel-management/hooks/__tests__/useTanks.test.ts(39,3): error TS2305: Module '"../../services"' has no exported member 'adjustTankLevel'.
src/features/fuel-management/hooks/useFillingSystem.ts(16,3): error TS2305: Module '"../services"' has no exported member 'getFillingSystemsWithFilters'.
src/features/fuel-management/hooks/useFillingSystem.ts(17,3): error TS2305: Module '"../services"' has no exported member 'getFillingSystemById'.
src/features/fuel-management/hooks/useFillingSystem.ts(18,3): error TS2305: Module '"../services"' has no exported member 'createFillingSystem'.
src/features/fuel-management/hooks/useFillingSystem.ts(19,3): error TS2305: Module '"../services"' has no exported member 'updateFillingSystem'.
src/features/fuel-management/hooks/useFillingSystem.ts(20,3): error TS2305: Module '"../services"' has no exported member 'deleteFillingSystem'.
src/features/fuel-management/hooks/useFillingSystem.ts(21,3): error TS2305: Module '"../services"' has no exported member 'validateTankIds'.
src/features/fuel-management/hooks/useFillingSystem.ts(24,3): error TS2305: Module '"../types"' has no exported member 'FillingSystem'.
src/features/fuel-management/hooks/useFillingSystem.ts(25,3): error TS2305: Module '"../types"' has no exported member 'CreateFillingSystemRequest'.
src/features/fuel-management/hooks/useFillingSystem.ts(26,3): error TS2305: Module '"../types"' has no exported member 'UpdateFillingSystemRequest'.
src/features/fuel-management/hooks/useFillingSystem.ts(27,3): error TS2305: Module '"../types"' has no exported member 'FillingSystemFilters'.
src/features/fuel-management/hooks/useFuelPrices.ts(4,3): error TS2305: Module '"../services"' has no exported member 'getFuelPrices'.
src/features/fuel-management/hooks/useFuelPrices.ts(5,3): error TS2305: Module '"../services"' has no exported member 'getFuelPriceById'.
src/features/fuel-management/hooks/useFuelPrices.ts(6,3): error TS2305: Module '"../services"' has no exported member 'createFuelPrice'.
src/features/fuel-management/hooks/useFuelPrices.ts(7,3): error TS2305: Module '"../services"' has no exported member 'updateFuelPrice'.
src/features/fuel-management/hooks/useFuelPrices.ts(8,3): error TS2305: Module '"../services"' has no exported member 'deleteFuelPrice'.
src/features/fuel-management/hooks/useFuelPrices.ts(9,3): error TS2305: Module '"../services"' has no exported member 'getCurrentPrices'.
src/features/fuel-management/hooks/useFuelPrices.ts(10,3): error TS2305: Module '"../services"' has no exported member 'getPriceSummary'.
src/features/fuel-management/hooks/useFuelPrices.ts(13,3): error TS2305: Module '"../types"' has no exported member 'FuelPriceFormData'.
src/features/fuel-management/hooks/useFuelPrices.ts(14,3): error TS2305: Module '"../types"' has no exported member 'FuelPriceFilters'.
src/features/fuel-management/hooks/useFuelPrices.ts(15,3): error TS2305: Module '"../types"' has no exported member 'FuelPriceSummary'.
src/features/fuel-management/hooks/useFuelSales.ts(13,3): error TS2305: Module '"../types"' has no exported member 'FuelSale'.
src/features/fuel-management/hooks/useFuelSales.ts(14,3): error TS2724: '"../types"' has no exported member named 'FuelSaleFormData'. Did you mean 'FuelSupplyFormData'?
src/features/fuel-management/hooks/useFuelSales.ts(15,3): error TS2305: Module '"../types"' has no exported member 'FuelSaleFilters'.
src/features/fuel-management/hooks/useFuelSales.ts(16,3): error TS2305: Module '"../types"' has no exported member 'FuelSaleSummary'.
src/features/fuel-management/hooks/useFuelSupplies.test.ts(4,10): error TS2724: '"../services"' has no exported member named 'fuelSuppliesService'. Did you mean 'fuelSalesService'?
src/features/fuel-management/hooks/useFuelSupplies.test.ts(5,50): error TS2307: Cannot find module '@/test/utils/test-setup' or its corresponding type declarations.
src/features/fuel-management/hooks/useFuelSupplies.ts(2,10): error TS2724: '"../services"' has no exported member named 'fuelSuppliesService'. Did you mean 'fuelSalesService'?
src/features/fuel-management/hooks/useFuelSupplies.ts(5,3): error TS2305: Module '"../types"' has no exported member 'CreateFuelSupplyRequest'.
src/features/fuel-management/hooks/useFuelSupplies.ts(6,3): error TS2305: Module '"../types"' has no exported member 'UpdateFuelSupplyRequest'.
src/features/fuel-management/hooks/useFuelSuppliesFilters.test.ts(4,31): error TS2307: Cannot find module '@/test/utils/test-setup' or its corresponding type declarations.
src/features/fuel-management/hooks/useFuelSuppliesFilters.test.ts(5,10): error TS2724: '"../services"' has no exported member named 'fuelSuppliesService'. Did you mean 'fuelSalesService'?
src/features/fuel-management/hooks/useFuelSuppliesFilters.ts(3,10): error TS2724: '"../services"' has no exported member named 'fuelSuppliesService'. Did you mean 'fuelSalesService'?
src/features/fuel-management/hooks/useFuelSuppliesFilters.ts(58,29): error TS7006: Parameter 'supply' implicitly has an 'any' type.
src/features/fuel-management/hooks/useFuelSuppliesFilters.ts(116,23): error TS7006: Parameter 'supply' implicitly has an 'any' type.
src/features/fuel-management/hooks/usePetrolProviders.ts(21,47): error TS2352: Conversion of type '{ status: string; name: string; contact_person: string; phone: string; email: string; address: string; tax_id: string; bank_account: string; notes: string; }' to type 'PetrolProviderCreate' may be a mistake because neither type sufficiently overlaps with the other. If this was intentional, convert the expression to 'unknown' first.
  Property 'is_active' is missing in type '{ status: string; name: string; contact_person: string; phone: string; email: string; address: string; tax_id: string; bank_account: string; notes: string; }' but required in type 'PetrolProviderCreate'.
src/features/fuel-management/hooks/useTankDialog.ts(90,33): error TS2345: Argument of type '{ name: string; capacity: number; current_level: number; fuel_type_id: "diesel" | "petrol" | "cng"; status: "active"; }' is not assignable to parameter of type 'TankCreate'.
  Property 'is_active' is missing in type '{ name: string; capacity: number; current_level: number; fuel_type_id: "diesel" | "petrol" | "cng"; status: "active"; }' but required in type 'TankCreate'.
src/features/fuel-management/index.ts(1,15): error TS2307: Cannot find module './components/FuelManagementDashboard' or its corresponding type declarations.
src/features/fuel-management/pages/index.ts(2,10): error TS2614: Module '"./ProvidersPage"' has no exported member 'ProvidersPage'. Did you mean to use 'import ProvidersPage from "./ProvidersPage"' instead?
src/features/fuel-management/pages/index.ts(3,10): error TS2614: Module '"./FillingSystemsPage"' has no exported member 'FillingSystemsPage'. Did you mean to use 'import FillingSystemsPage from "./FillingSystemsPage"' instead?
src/features/fuel-management/pages/index.ts(4,10): error TS2614: Module '"./FuelSuppliesPage"' has no exported member 'FuelSuppliesPage'. Did you mean to use 'import FuelSuppliesPage from "./FuelSuppliesPage"' instead?
src/features/fuel-management/pages/index.ts(5,10): error TS2614: Module '"./TanksPage"' has no exported member 'TanksPage'. Did you mean to use 'import TanksPage from "./TanksPage"' instead?
src/features/fuel-management/pages/index.ts(6,10): error TS2614: Module '"./FuelPricesPage"' has no exported member 'FuelPricesPage'. Did you mean to use 'import FuelPricesPage from "./FuelPricesPage"' instead?
src/features/fuel-management/services/adapters.ts(2,15): error TS2305: Module '"../types"' has no exported member 'FuelSale'.
src/features/fuel-management/services/adapters.ts(2,25): error TS2724: '"../types"' has no exported member named 'FuelSaleFormData'. Did you mean 'FuelSupplyFormData'?
src/features/fuel-management/services/adapters.ts(11,27): error TS2551: Property 'fuel_type_id' does not exist on type 'Sale'. Did you mean 'fuel_type'?
src/features/fuel-management/services/adapters.ts(12,23): error TS2339: Property 'quantity' does not exist on type 'Sale'.
src/features/fuel-management/services/adapters.ts(13,30): error TS2551: Property 'price_per_liter' does not exist on type 'Sale'. Did you mean 'price_per_unit'?
src/features/fuel-management/services/adapters.ts(14,26): error TS2339: Property 'total_price' does not exist on type 'Sale'.
src/features/fuel-management/services/adapters.ts(15,29): error TS2339: Property 'payment_method' does not exist on type 'Sale'.
src/features/fuel-management/services/adapters.ts(17,15): error TS2339: Property 'payment_method' does not exist on type 'Sale'.
src/features/fuel-management/services/adapters.ts(18,26): error TS2339: Property 'employee_id' does not exist on type 'Sale'.
src/features/fuel-management/services/adapters.ts(19,23): error TS2339: Property 'shift_id' does not exist on type 'Sale'.
src/features/fuel-management/services/adapters.ts(33,5): error TS2561: Object literal may only specify known properties, but 'fuel_type_id' does not exist in type 'Omit<Sale, "id" | "created_at" | "updated_at">'. Did you mean to write 'fuel_type'?
src/features/fuel-management/services/fuel-sales.service.ts(3,3): error TS2305: Module '"../types"' has no exported member 'FuelSale'.
src/features/fuel-management/services/fuel-sales.service.ts(4,3): error TS2724: '"../types"' has no exported member named 'FuelSaleFormData'. Did you mean 'FuelSupplyFormData'?
src/features/fuel-management/services/fuel-sales.service.ts(5,3): error TS2305: Module '"../types"' has no exported member 'FuelSaleFilters'.
src/features/fuel-management/services/fuel-sales.service.ts(6,3): error TS2305: Module '"../types"' has no exported member 'FuelSaleExportOptions'.
src/features/fuel-management/services/fuel-sales.service.ts(142,15): error TS2551: Property 'fuel_type_id' does not exist on type 'Partial<Omit<Sale, "id" | "created_at" | "updated_at">>'. Did you mean 'fuel_type'?
src/features/fuel-management/services/fuel-sales.service.ts(143,50): error TS2339: Property 'quantity' does not exist on type 'Partial<Omit<Sale, "id" | "created_at" | "updated_at">>'.
src/features/fuel-management/services/fuel-sales.service.ts(145,15): error TS2551: Property 'price_per_liter' does not exist on type 'Partial<Omit<Sale, "id" | "created_at" | "updated_at">>'. Did you mean 'price_per_unit'?
src/features/fuel-management/services/fuel-sales.service.ts(147,15): error TS2339: Property 'total_price' does not exist on type 'Partial<Omit<Sale, "id" | "created_at" | "updated_at">>'.
src/features/fuel-management/services/fuel-sales.service.ts(149,15): error TS2339: Property 'payment_method' does not exist on type 'Partial<Omit<Sale, "id" | "created_at" | "updated_at">>'.
src/features/fuel-management/services/fuel-sales.service.ts(151,15): error TS2339: Property 'employee_id' does not exist on type 'Partial<Omit<Sale, "id" | "created_at" | "updated_at">>'.
src/features/fuel-management/services/fuel-sales.service.ts(152,50): error TS2339: Property 'shift_id' does not exist on type 'Partial<Omit<Sale, "id" | "created_at" | "updated_at">>'.
src/features/fuel-management/services/index.ts(6,10): error TS2305: Module '"../types"' has no exported member 'FuelSale'.
src/features/fuel-management/services/index.ts(6,20): error TS2305: Module '"../types"' has no exported member 'FuelSaleSummary'.
src/features/layout/pages/index.ts(1,10): error TS2305: Module '"./Index"' has no exported member 'default'.
src/features/layout/pages/index.ts(1,34): error TS1149: File name 'C:/Users/gor_p/Documents/Ararat OIL/web-tech-whisperer-vibe/src/features/layout/pages/Index.ts' differs from already included file name 'C:/Users/gor_p/Documents/Ararat OIL/web-tech-whisperer-vibe/src/features/layout/pages/index.ts' only in casing.
  The file is in the program because:
    Matched by include pattern 'src' in 'C:/Users/gor_p/Documents/Ararat OIL/web-tech-whisperer-vibe/tsconfig.app.json'
    Imported via './Index' from file 'C:/Users/gor_p/Documents/Ararat OIL/web-tech-whisperer-vibe/src/features/layout/pages/index.ts'
src/features/layout/pages/SyncUpPage.tsx(58,36): error TS2339: Property 'refreshedResources' does not exist on type '{ success: boolean; message: string; queryClient: any; }'.
src/features/management/components/EmployeeDialogStandardized.tsx(137,24): error TS2352: Conversion of type 'Control<{ position: string; first_name: string; last_name: string; hire_date?: string | undefined; salary?: number | undefined; status?: "active" | "inactive" | "on_leave" | undefined; notes?: string | undefined; email?: string | undefined; department?: string | undefined; phone?: string | undefined; }>' to type 'Control<FieldValues>' may be a mistake because neither type sufficiently overlaps with the other. If this was intentional, convert the expression to 'unknown' first.
  Types of property 'register' are incompatible.
    Type 'UseFormRegister<{ position: string; first_name: string; last_name: string; hire_date?: string | undefined; salary?: number | undefined; status?: "active" | "inactive" | "on_leave" | undefined; notes?: string | undefined; email?: string | undefined; department?: string | undefined; phone?: string | undefined; }>' is not comparable to type 'UseFormRegister<FieldValues>'.
      Type 'FieldValues' is missing the following properties from type '{ position: string; first_name: string; last_name: string; hire_date?: string | undefined; salary?: number | undefined; status?: "active" | "inactive" | "on_leave" | undefined; notes?: string | undefined; email?: string | undefined; department?: string | undefined; phone?: string | undefined; }': position, first_name, last_name
src/features/management/components/EmployeeDialogStandardized.tsx(151,24): error TS2352: Conversion of type 'Control<{ position: string; first_name: string; last_name: string; hire_date?: string | undefined; salary?: number | undefined; status?: "active" | "inactive" | "on_leave" | undefined; notes?: string | undefined; email?: string | undefined; department?: string | undefined; phone?: string | undefined; }>' to type 'Control<FieldValues>' may be a mistake because neither type sufficiently overlaps with the other. If this was intentional, convert the expression to 'unknown' first.
  Types of property 'register' are incompatible.
    Type 'UseFormRegister<{ position: string; first_name: string; last_name: string; hire_date?: string | undefined; salary?: number | undefined; status?: "active" | "inactive" | "on_leave" | undefined; notes?: string | undefined; email?: string | undefined; department?: string | undefined; phone?: string | undefined; }>' is not comparable to type 'UseFormRegister<FieldValues>'.
      Type 'FieldValues' is missing the following properties from type '{ position: string; first_name: string; last_name: string; hire_date?: string | undefined; salary?: number | undefined; status?: "active" | "inactive" | "on_leave" | undefined; notes?: string | undefined; email?: string | undefined; department?: string | undefined; phone?: string | undefined; }': position, first_name, last_name
src/features/management/components/EmployeeDialogStandardized.tsx(166,22): error TS2352: Conversion of type 'Control<{ position: string; first_name: string; last_name: string; hire_date?: string | undefined; salary?: number | undefined; status?: "active" | "inactive" | "on_leave" | undefined; notes?: string | undefined; email?: string | undefined; department?: string | undefined; phone?: string | undefined; }>' to type 'Control<FieldValues>' may be a mistake because neither type sufficiently overlaps with the other. If this was intentional, convert the expression to 'unknown' first.
  Types of property 'register' are incompatible.
    Type 'UseFormRegister<{ position: string; first_name: string; last_name: string; hire_date?: string | undefined; salary?: number | undefined; status?: "active" | "inactive" | "on_leave" | undefined; notes?: string | undefined; email?: string | undefined; department?: string | undefined; phone?: string | undefined; }>' is not comparable to type 'UseFormRegister<FieldValues>'.
      Type 'FieldValues' is missing the following properties from type '{ position: string; first_name: string; last_name: string; hire_date?: string | undefined; salary?: number | undefined; status?: "active" | "inactive" | "on_leave" | undefined; notes?: string | undefined; email?: string | undefined; department?: string | undefined; phone?: string | undefined; }': position, first_name, last_name
src/features/management/components/EmployeeDialogStandardized.tsx(180,22): error TS2352: Conversion of type 'Control<{ position: string; first_name: string; last_name: string; hire_date?: string | undefined; salary?: number | undefined; status?: "active" | "inactive" | "on_leave" | undefined; notes?: string | undefined; email?: string | undefined; department?: string | undefined; phone?: string | undefined; }>' to type 'Control<FieldValues>' may be a mistake because neither type sufficiently overlaps with the other. If this was intentional, convert the expression to 'unknown' first.
  Types of property 'register' are incompatible.
    Type 'UseFormRegister<{ position: string; first_name: string; last_name: string; hire_date?: string | undefined; salary?: number | undefined; status?: "active" | "inactive" | "on_leave" | undefined; notes?: string | undefined; email?: string | undefined; department?: string | undefined; phone?: string | undefined; }>' is not comparable to type 'UseFormRegister<FieldValues>'.
      Type 'FieldValues' is missing the following properties from type '{ position: string; first_name: string; last_name: string; hire_date?: string | undefined; salary?: number | undefined; status?: "active" | "inactive" | "on_leave" | undefined; notes?: string | undefined; email?: string | undefined; department?: string | undefined; phone?: string | undefined; }': position, first_name, last_name
src/features/management/components/EmployeeDialogStandardized.tsx(195,24): error TS2352: Conversion of type 'Control<{ position: string; first_name: string; last_name: string; hire_date?: string | undefined; salary?: number | undefined; status?: "active" | "inactive" | "on_leave" | undefined; notes?: string | undefined; email?: string | undefined; department?: string | undefined; phone?: string | undefined; }>' to type 'Control<FieldValues>' may be a mistake because neither type sufficiently overlaps with the other. If this was intentional, convert the expression to 'unknown' first.
  Types of property 'register' are incompatible.
    Type 'UseFormRegister<{ position: string; first_name: string; last_name: string; hire_date?: string | undefined; salary?: number | undefined; status?: "active" | "inactive" | "on_leave" | undefined; notes?: string | undefined; email?: string | undefined; department?: string | undefined; phone?: string | undefined; }>' is not comparable to type 'UseFormRegister<FieldValues>'.
      Type 'FieldValues' is missing the following properties from type '{ position: string; first_name: string; last_name: string; hire_date?: string | undefined; salary?: number | undefined; status?: "active" | "inactive" | "on_leave" | undefined; notes?: string | undefined; email?: string | undefined; department?: string | undefined; phone?: string | undefined; }': position, first_name, last_name
src/features/management/components/EmployeeDialogStandardized.tsx(209,24): error TS2352: Conversion of type 'Control<{ position: string; first_name: string; last_name: string; hire_date?: string | undefined; salary?: number | undefined; status?: "active" | "inactive" | "on_leave" | undefined; notes?: string | undefined; email?: string | undefined; department?: string | undefined; phone?: string | undefined; }>' to type 'Control<FieldValues>' may be a mistake because neither type sufficiently overlaps with the other. If this was intentional, convert the expression to 'unknown' first.
  Types of property 'register' are incompatible.
    Type 'UseFormRegister<{ position: string; first_name: string; last_name: string; hire_date?: string | undefined; salary?: number | undefined; status?: "active" | "inactive" | "on_leave" | undefined; notes?: string | undefined; email?: string | undefined; department?: string | undefined; phone?: string | undefined; }>' is not comparable to type 'UseFormRegister<FieldValues>'.
      Type 'FieldValues' is missing the following properties from type '{ position: string; first_name: string; last_name: string; hire_date?: string | undefined; salary?: number | undefined; status?: "active" | "inactive" | "on_leave" | undefined; notes?: string | undefined; email?: string | undefined; department?: string | undefined; phone?: string | undefined; }': position, first_name, last_name
src/features/management/components/EmployeeDialogStandardized.tsx(238,24): error TS2352: Conversion of type 'Control<{ position: string; first_name: string; last_name: string; hire_date?: string | undefined; salary?: number | undefined; status?: "active" | "inactive" | "on_leave" | undefined; notes?: string | undefined; email?: string | undefined; department?: string | undefined; phone?: string | undefined; }>' to type 'Control<FieldValues>' may be a mistake because neither type sufficiently overlaps with the other. If this was intentional, convert the expression to 'unknown' first.
  Types of property 'register' are incompatible.
    Type 'UseFormRegister<{ position: string; first_name: string; last_name: string; hire_date?: string | undefined; salary?: number | undefined; status?: "active" | "inactive" | "on_leave" | undefined; notes?: string | undefined; email?: string | undefined; department?: string | undefined; phone?: string | undefined; }>' is not comparable to type 'UseFormRegister<FieldValues>'.
      Type 'FieldValues' is missing the following properties from type '{ position: string; first_name: string; last_name: string; hire_date?: string | undefined; salary?: number | undefined; status?: "active" | "inactive" | "on_leave" | undefined; notes?: string | undefined; email?: string | undefined; department?: string | undefined; phone?: string | undefined; }': position, first_name, last_name
src/features/management/components/EmployeeDialogStandardized.tsx(252,24): error TS2352: Conversion of type 'Control<{ position: string; first_name: string; last_name: string; hire_date?: string | undefined; salary?: number | undefined; status?: "active" | "inactive" | "on_leave" | undefined; notes?: string | undefined; email?: string | undefined; department?: string | undefined; phone?: string | undefined; }>' to type 'Control<FieldValues>' may be a mistake because neither type sufficiently overlaps with the other. If this was intentional, convert the expression to 'unknown' first.
  Types of property 'register' are incompatible.
    Type 'UseFormRegister<{ position: string; first_name: string; last_name: string; hire_date?: string | undefined; salary?: number | undefined; status?: "active" | "inactive" | "on_leave" | undefined; notes?: string | undefined; email?: string | undefined; department?: string | undefined; phone?: string | undefined; }>' is not comparable to type 'UseFormRegister<FieldValues>'.
      Type 'FieldValues' is missing the following properties from type '{ position: string; first_name: string; last_name: string; hire_date?: string | undefined; salary?: number | undefined; status?: "active" | "inactive" | "on_leave" | undefined; notes?: string | undefined; email?: string | undefined; department?: string | undefined; phone?: string | undefined; }': position, first_name, last_name
src/features/management/components/EmployeeDialogStandardized.tsx(267,22): error TS2352: Conversion of type 'Control<{ position: string; first_name: string; last_name: string; hire_date?: string | undefined; salary?: number | undefined; status?: "active" | "inactive" | "on_leave" | undefined; notes?: string | undefined; email?: string | undefined; department?: string | undefined; phone?: string | undefined; }>' to type 'Control<FieldValues>' may be a mistake because neither type sufficiently overlaps with the other. If this was intentional, convert the expression to 'unknown' first.
  Types of property 'register' are incompatible.
    Type 'UseFormRegister<{ position: string; first_name: string; last_name: string; hire_date?: string | undefined; salary?: number | undefined; status?: "active" | "inactive" | "on_leave" | undefined; notes?: string | undefined; email?: string | undefined; department?: string | undefined; phone?: string | undefined; }>' is not comparable to type 'UseFormRegister<FieldValues>'.
      Type 'FieldValues' is missing the following properties from type '{ position: string; first_name: string; last_name: string; hire_date?: string | undefined; salary?: number | undefined; status?: "active" | "inactive" | "on_leave" | undefined; notes?: string | undefined; email?: string | undefined; department?: string | undefined; phone?: string | undefined; }': position, first_name, last_name
src/features/management/components/index.ts(2,15): error TS2307: Cannot find module './EmployeesTable' or its corresponding type declarations.
src/features/management/FinancePage.tsx(3,107): error TS2339: Property 'default' does not exist on type 'typeof import("C:/Users/gor_p/Documents/Ararat OIL/web-tech-whisperer-vibe/src/features/finance/pages/FinancePage")'.
src/features/management/types/employees.types.ts(1,31): error TS2307: Cannot find module '@/types/supabase' or its corresponding type declarations.
src/features/management/utils/employeeMappers.ts(1,31): error TS2307: Cannot find module '@/types/supabase' or its corresponding type declarations.
src/features/sales/components/index.ts(2,28): error TS2307: Cannot find module './SalesTable' or its corresponding type declarations.
src/features/sales/components/NewSaleButton.tsx(3,33): error TS2459: Module '"./SalesFormStandardized"' declares 'SalesFormData' locally, but it is not exported.
src/features/sales/components/SalesDialogsStandardized.tsx(25,11): error TS2430: Interface 'ExtendedSale' incorrectly extends interface 'Sale'.
  Types of property 'paymentMethod' are incompatible.
    Type 'PaymentMethod | undefined' is not assignable to type 'PaymentMethod'.
      Type 'undefined' is not assignable to type 'PaymentMethod'.
src/features/sales/components/SalesDialogsStandardized.tsx(92,30): error TS2693: 'FuelTypeCode' only refers to a type, but is being used as a value here.
src/features/sales/components/SalesDialogsStandardized.tsx(96,35): error TS2693: 'PaymentMethod' only refers to a type, but is being used as a value here.
src/features/sales/components/SalesDialogsStandardized.tsx(97,35): error TS2693: 'PaymentStatus' only refers to a type, but is being used as a value here.
src/features/sales/components/SalesDialogsStandardized.tsx(109,59): error TS2693: 'FuelTypeCode' only refers to a type, but is being used as a value here.
src/features/sales/components/SalesDialogsStandardized.tsx(111,69): error TS2693: 'PaymentMethod' only refers to a type, but is being used as a value here.
src/features/sales/components/SalesDialogsStandardized.tsx(112,69): error TS2693: 'PaymentStatus' only refers to a type, but is being used as a value here.
src/features/sales/components/SalesDialogsStandardized.tsx(164,13): error TS2322: Type 'Control<{ [x: string]: any; amount?: unknown; quantityLiters?: unknown; unitPrice?: unknown; saleDate?: unknown; fuelType?: unknown; customerName?: unknown; paymentMethod?: unknown; paymentStatus?: unknown; notes?: unknown; employeeId?: unknown; fillingSystemId?: unknown; }>' is not assignable to type 'Control<SalesFormData>'.
  The types of '_options.defaultValues' are incompatible between these types.
    Type '{ [x: string]: any; amount?: unknown; quantityLiters?: unknown; unitPrice?: unknown; saleDate?: unknown; fuelType?: unknown; customerName?: unknown; paymentMethod?: unknown; paymentStatus?: unknown; notes?: unknown; employeeId?: unknown; fillingSystemId?: unknown; } | AsyncDefaultValues<{ [x: string]: any; amount?: ...' is not assignable to type '{ amount?: number | undefined; quantityLiters?: number | undefined; unitPrice?: number | undefined; saleDate?: string | Date | undefined; fuelType?: FuelTypeCode | undefined; ... 9 more ...; shiftId?: string | undefined; } | AsyncDefaultValues<...> | undefined'.
      Type '{ [x: string]: any; amount?: unknown; quantityLiters?: unknown; unitPrice?: unknown; saleDate?: unknown; fuelType?: unknown; customerName?: unknown; paymentMethod?: unknown; paymentStatus?: unknown; notes?: unknown; employeeId?: unknown; fillingSystemId?: unknown; }' is not assignable to type '{ amount?: number | undefined; quantityLiters?: number | undefined; unitPrice?: number | undefined; saleDate?: string | Date | undefined; fuelType?: FuelTypeCode | undefined; ... 9 more ...; shiftId?: string | undefined; } | AsyncDefaultValues<...> | undefined'.
src/features/sales/components/SalesDialogsStandardized.tsx(173,9): error TS2322: Type '{ open: boolean; onOpenChange: (open: boolean) => void; title: string; description: string; onConfirm: () => void; isLoading: boolean; }' is not assignable to type 'IntrinsicAttributes & DeleteConfirmDialogProps'.
  Property 'open' does not exist on type 'IntrinsicAttributes & DeleteConfirmDialogProps'.
src/features/sales/components/SalesDialogsStandardized.tsx(236,11): error TS2322: Type '{ control: Control<SalesFormData>; employees: Employee[] | undefined; }' is not assignable to type 'IntrinsicAttributes & PriceAndEmployeeInputsProps'.
  Property 'employees' does not exist on type 'IntrinsicAttributes & PriceAndEmployeeInputsProps'.
src/features/sales/hooks/__tests__/useSalesQuery.test.ts(8,50): error TS2307: Cannot find module '@/test/utils/test-setup' or its corresponding type declarations.
src/features/sales/hooks/__tests__/useSalesQuery.test.ts(9,31): error TS2307: Cannot find module '../../services/sales' or its corresponding type declarations.
src/features/sales/hooks/useSalesQuery.ts(76,9): error TS2353: Object literal may only specify known properties, and 'employeeId' does not exist in type 'Partial<Sale>'.
src/features/sales/hooks/useSalesQuery.ts(102,9): error TS2353: Object literal may only specify known properties, and 'employeeId' does not exist in type 'Partial<Sale>'.
src/features/sales/pages/SalesNew.tsx(42,11): error TS2339: Property 'systems' does not exist on type '{ filters: SalesFilters; updateFilters: (newFilters: Partial<SalesFilters>) => void; resetFilters: () => void; filterOptions: { fuelTypes: { value: string; label: string; }[]; paymentStatuses: { ...; }[]; }; }'.
src/features/sales/pages/SalesNew.tsx(42,20): error TS2339: Property 'filteredSales' does not exist on type '{ filters: SalesFilters; updateFilters: (newFilters: Partial<SalesFilters>) => void; resetFilters: () => void; filterOptions: { fuelTypes: { value: string; label: string; }[]; paymentStatuses: { ...; }[]; }; }'.
src/features/sales/pages/SalesNew.tsx(42,35): error TS2339: Property 'isLoading' does not exist on type '{ filters: SalesFilters; updateFilters: (newFilters: Partial<SalesFilters>) => void; resetFilters: () => void; filterOptions: { fuelTypes: { value: string; label: string; }[]; paymentStatuses: { ...; }[]; }; }'.
src/features/sales/pages/SalesNew.tsx(42,46): error TS2339: Property 'refetchSales' does not exist on type '{ filters: SalesFilters; updateFilters: (newFilters: Partial<SalesFilters>) => void; resetFilters: () => void; filterOptions: { fuelTypes: { value: string; label: string; }[]; paymentStatuses: { ...; }[]; }; }'.
src/features/sales/pages/SalesNew.tsx(75,46): error TS2339: Property 'total_sales' does not exist on type 'Sale'.
src/features/sales/pages/SalesNew.tsx(80,46): error TS2339: Property 'quantity' does not exist on type 'Sale'.
src/features/sales/pages/SalesNew.tsx(99,23): error TS2345: Argument of type 'Sale' is not assignable to parameter of type 'SetStateAction<Sale | null>'.
  Type 'Sale' is missing the following properties from type 'Sale': filling_system_id, fuel_type, liters, price_per_unit, and 3 more.
src/features/sales/pages/SalesNew.tsx(107,34): error TS7006: Parameter 'sale' implicitly has an 'any' type.
src/features/sales/pages/SalesNew.tsx(128,9): error TS2322: Type '{ title: string; icon: Element; actions: Element; }' is not assignable to type 'IntrinsicAttributes & PageHeaderProps'.
  Property 'icon' does not exist on type 'IntrinsicAttributes & PageHeaderProps'.
src/features/sales/pages/SalesNew.tsx(173,48): error TS7006: Parameter 's' implicitly has an 'any' type.
src/features/sales/pages/SalesNew.tsx(178,13): error TS2322: Type '{ sales: any; isLoading: any; onEdit: (id: Sale) => void; onDelete: (id: string) => void; onView: (sale: Sale) => void; systems: any; fuelTypes: { id: unknown; name: unknown; }[]; onFiltersChange: (filters: SalesFilters) => void; }' is not assignable to type 'IntrinsicAttributes & SalesTableStandardizedProps'.
  Property 'systems' does not exist on type 'IntrinsicAttributes & SalesTableStandardizedProps'.
src/features/sales/pages/SalesNew.tsx(187,9): error TS2322: Type 'import("C:/Users/gor_p/Documents/Ararat OIL/web-tech-whisperer-vibe/src/core/api/types").Sale | null' is not assignable to type 'import("C:/Users/gor_p/Documents/Ararat OIL/web-tech-whisperer-vibe/src/core/types/index").Sale | null'.
  Type 'Sale' is missing the following properties from type 'Sale': amount, quantityLiters, unitPrice, saleDate, and 5 more.
src/features/sales/pages/SalesNew.tsx(192,77): error TS2559: Type 'UpdateSaleRequest' has no properties in common with type 'UpdateSaleRequest'.
src/features/settings/components/NotificationSettings.tsx(28,24): error TS2339: Property 'notification_prefs' does not exist on type 'User'.
src/features/settings/components/NotificationSettings.tsx(29,22): error TS2339: Property 'notification_prefs' does not exist on type 'User'.
src/features/settings/components/NotificationSettings.tsx(30,25): error TS2339: Property 'notification_prefs' does not exist on type 'User'.
src/features/settings/components/NotificationSettings.tsx(31,28): error TS2339: Property 'notification_prefs' does not exist on type 'User'.
src/features/settings/components/NotificationSettings.tsx(149,21): error TS2322: Type '{ id: "securityAlerts" | "systemUpdates" | "emailAlerts" | "smsAlerts" | "salesReports" | "inventoryAlerts"; checked: boolean; onCheckedChange: (checked: boolean) => void; disabled: any; }' is not assignable to type 'IntrinsicAttributes & SwitchProps'.
  Property 'id' does not exist on type 'IntrinsicAttributes & SwitchProps'.
src/features/settings/components/NotificationSettings.tsx(152,36): error TS2339: Property 'disabled' does not exist on type '{ key: "salesReports"; label: string; description: string; icon: Element; } | { key: "inventoryAlerts"; label: string; description: string; icon: Element; } | { key: "emailAlerts"; label: string; description: string; icon: Element; } | { ...; } | { ...; } | { ...; }'.
  Property 'disabled' does not exist on type '{ key: "salesReports"; label: string; description: string; icon: Element; }'.
src/features/settings/components/SecuritySettings.tsx(280,19): error TS2322: Type '{ id: "loginNotifications" | "twoFactorAuth" | "sessionTimeout"; checked: boolean; onCheckedChange: (checked: boolean) => void; disabled: boolean; }' is not assignable to type 'IntrinsicAttributes & SwitchProps'.
  Property 'id' does not exist on type 'IntrinsicAttributes & SwitchProps'.
src/features/settings/pages/index.ts(2,10): error TS2305: Module '"./SettingsPage"' has no exported member 'default'.
src/features/settings/pages/NotificationSettings.tsx(110,19): error TS2322: Type '{ id: string; checked: boolean; onCheckedChange: (checked: boolean) => void; }' is not assignable to type 'IntrinsicAttributes & SwitchProps'.
  Property 'id' does not exist on type 'IntrinsicAttributes & SwitchProps'.
src/features/settings/pages/NotificationSettings.tsx(127,19): error TS2322: Type '{ id: string; checked: boolean; onCheckedChange: (checked: boolean) => void; }' is not assignable to type 'IntrinsicAttributes & SwitchProps'.
  Property 'id' does not exist on type 'IntrinsicAttributes & SwitchProps'.
src/features/settings/pages/NotificationSettings.tsx(144,19): error TS2322: Type '{ id: string; checked: boolean; onCheckedChange: (checked: boolean) => void; }' is not assignable to type 'IntrinsicAttributes & SwitchProps'.
  Property 'id' does not exist on type 'IntrinsicAttributes & SwitchProps'.
src/features/settings/pages/NotificationSettings.tsx(161,19): error TS2322: Type '{ id: string; checked: boolean; onCheckedChange: (checked: boolean) => void; }' is not assignable to type 'IntrinsicAttributes & SwitchProps'.
  Property 'id' does not exist on type 'IntrinsicAttributes & SwitchProps'.
src/features/settings/pages/NotificationSettings.tsx(192,19): error TS2322: Type '{ id: string; checked: boolean; onCheckedChange: (checked: boolean) => void; }' is not assignable to type 'IntrinsicAttributes & SwitchProps'.
  Property 'id' does not exist on type 'IntrinsicAttributes & SwitchProps'.
src/features/settings/pages/NotificationSettings.tsx(214,19): error TS2322: Type '{ id: string; checked: boolean; onCheckedChange: (checked: boolean) => void; }' is not assignable to type 'IntrinsicAttributes & SwitchProps'.
  Property 'id' does not exist on type 'IntrinsicAttributes & SwitchProps'.
src/features/settings/pages/NotificationSettings.tsx(236,19): error TS2322: Type '{ id: string; checked: boolean; onCheckedChange: (checked: boolean) => void; }' is not assignable to type 'IntrinsicAttributes & SwitchProps'.
  Property 'id' does not exist on type 'IntrinsicAttributes & SwitchProps'.
src/features/settings/pages/NotificationSettings.tsx(258,19): error TS2322: Type '{ id: string; checked: boolean; onCheckedChange: (checked: boolean) => void; }' is not assignable to type 'IntrinsicAttributes & SwitchProps'.
  Property 'id' does not exist on type 'IntrinsicAttributes & SwitchProps'.
src/features/settings/pages/NotificationSettings.tsx(280,19): error TS2322: Type '{ id: string; checked: boolean; onCheckedChange: (checked: boolean) => void; }' is not assignable to type 'IntrinsicAttributes & SwitchProps'.
  Property 'id' does not exist on type 'IntrinsicAttributes & SwitchProps'.
src/features/settings/pages/NotificationSettings.tsx(310,19): error TS2322: Type '{ id: string; checked: boolean; onCheckedChange: (checked: boolean) => void; }' is not assignable to type 'IntrinsicAttributes & SwitchProps'.
  Property 'id' does not exist on type 'IntrinsicAttributes & SwitchProps'.
src/features/settings/pages/NotificationSettings.tsx(327,19): error TS2322: Type '{ id: string; checked: boolean; disabled: boolean; onCheckedChange: (checked: boolean) => void; }' is not assignable to type 'IntrinsicAttributes & SwitchProps'.
  Property 'id' does not exist on type 'IntrinsicAttributes & SwitchProps'.
src/features/settings/pages/NotificationSettings.tsx(345,19): error TS2322: Type '{ id: string; checked: boolean; disabled: boolean; onCheckedChange: (checked: boolean) => void; }' is not assignable to type 'IntrinsicAttributes & SwitchProps'.
  Property 'id' does not exist on type 'IntrinsicAttributes & SwitchProps'.
src/features/settings/pages/PrivacySettings.tsx(241,19): error TS2322: Type '{ id: string; checked: boolean; onCheckedChange: (checked: boolean) => void; }' is not assignable to type 'IntrinsicAttributes & SwitchProps'.
  Property 'id' does not exist on type 'IntrinsicAttributes & SwitchProps'.
src/features/settings/pages/PrivacySettings.tsx(258,19): error TS2322: Type '{ id: string; checked: boolean; onCheckedChange: (checked: boolean) => void; }' is not assignable to type 'IntrinsicAttributes & SwitchProps'.
  Property 'id' does not exist on type 'IntrinsicAttributes & SwitchProps'.
src/features/settings/pages/PrivacySettings.tsx(289,19): error TS2322: Type '{ id: string; checked: boolean; onCheckedChange: (checked: boolean) => void; }' is not assignable to type 'IntrinsicAttributes & SwitchProps'.
  Property 'id' does not exist on type 'IntrinsicAttributes & SwitchProps'.
src/features/settings/pages/PrivacySettings.tsx(306,19): error TS2322: Type '{ id: string; checked: boolean; onCheckedChange: (checked: boolean) => void; }' is not assignable to type 'IntrinsicAttributes & SwitchProps'.
  Property 'id' does not exist on type 'IntrinsicAttributes & SwitchProps'.
src/features/settings/pages/PrivacySettings.tsx(323,19): error TS2322: Type '{ id: string; checked: boolean; onCheckedChange: (checked: boolean) => void; }' is not assignable to type 'IntrinsicAttributes & SwitchProps'.
  Property 'id' does not exist on type 'IntrinsicAttributes & SwitchProps'.
src/features/settings/pages/PrivacySettings.tsx(354,19): error TS2322: Type '{ id: string; checked: boolean; disabled: true; }' is not assignable to type 'IntrinsicAttributes & SwitchProps'.
  Property 'id' does not exist on type 'IntrinsicAttributes & SwitchProps'.
src/features/settings/pages/PrivacySettings.tsx(371,19): error TS2322: Type '{ id: string; checked: boolean; onCheckedChange: (checked: boolean) => void; }' is not assignable to type 'IntrinsicAttributes & SwitchProps'.
  Property 'id' does not exist on type 'IntrinsicAttributes & SwitchProps'.
src/features/settings/pages/PrivacySettings.tsx(388,19): error TS2322: Type '{ id: string; checked: boolean; onCheckedChange: (checked: boolean) => void; }' is not assignable to type 'IntrinsicAttributes & SwitchProps'.
  Property 'id' does not exist on type 'IntrinsicAttributes & SwitchProps'.
src/features/settings/pages/PrivacySettings.tsx(405,19): error TS2322: Type '{ id: string; checked: boolean; onCheckedChange: (checked: boolean) => void; }' is not assignable to type 'IntrinsicAttributes & SwitchProps'.
  Property 'id' does not exist on type 'IntrinsicAttributes & SwitchProps'.
src/features/settings/pages/PrivacySettings.tsx(436,19): error TS2322: Type '{ id: string; checked: boolean; onCheckedChange: (checked: boolean) => void; }' is not assignable to type 'IntrinsicAttributes & SwitchProps'.
  Property 'id' does not exist on type 'IntrinsicAttributes & SwitchProps'.
src/features/settings/pages/PrivacySettings.tsx(455,19): error TS2322: Type '{ id: string; checked: boolean; onCheckedChange: (checked: boolean) => void; }' is not assignable to type 'IntrinsicAttributes & SwitchProps'.
  Property 'id' does not exist on type 'IntrinsicAttributes & SwitchProps'.
src/features/settings/pages/ProfileSettings.tsx(14,17): error TS2339: Property 'profile' does not exist on type '{ login: (credentials: LoginCredentials) => Promise<void>; register: (credentials: RegisterCredentials) => Promise<void>; ... 6 more ...; error: AuthError | null; }'.
src/features/settings/pages/ProfileSettings.tsx(80,7): error TS2322: Type 'User | null' is not assignable to type 'User'.
  Type 'null' is not assignable to type 'User'.
src/features/settings/pages/SecuritySettings.tsx(383,17): error TS2322: Type '{ children: string; type: "submit"; isLoading: boolean; loadingText: string; }' is not assignable to type 'IntrinsicAttributes & LoadingButtonProps & RefAttributes<HTMLButtonElement>'.
  Property 'isLoading' does not exist on type 'IntrinsicAttributes & LoadingButtonProps & RefAttributes<HTMLButtonElement>'.
src/features/settings/pages/SecuritySettings.tsx(416,15): error TS2322: Type '{ id: string; checked: boolean; onCheckedChange: (checked: boolean) => void; }' is not assignable to type 'IntrinsicAttributes & SwitchProps'.
  Property 'id' does not exist on type 'IntrinsicAttributes & SwitchProps'.
src/features/settings/pages/SecuritySettings.tsx(494,25): error TS2322: Type '{ children: string; variant: "secondary"; confirmationMessage: string; confirmationTitle: string; onConfirmedClick: () => void; }' is not assignable to type 'IntrinsicAttributes & ActionButtonProps & RefAttributes<HTMLButtonElement>'.
  Property 'confirmationTitle' does not exist on type 'IntrinsicAttributes & ActionButtonProps & RefAttributes<HTMLButtonElement>'.
src/features/settings/pages/SecuritySettings.tsx(600,15): error TS2322: Type '{ id: string; checked: boolean; onCheckedChange: (checked: boolean) => void; disabled: boolean; }' is not assignable to type 'IntrinsicAttributes & SwitchProps'.
  Property 'id' does not exist on type 'IntrinsicAttributes & SwitchProps'.
src/features/settings/pages/SecuritySettings.tsx(625,15): error TS2322: Type '{ id: string; checked: boolean; onCheckedChange: (checked: boolean) => void; }' is not assignable to type 'IntrinsicAttributes & SwitchProps'.
  Property 'id' does not exist on type 'IntrinsicAttributes & SwitchProps'.
src/features/settings/pages/SecuritySettings.tsx(707,15): error TS2322: Type '{ id: string; checked: boolean; onCheckedChange: (checked: boolean) => void; }' is not assignable to type 'IntrinsicAttributes & SwitchProps'.
  Property 'id' does not exist on type 'IntrinsicAttributes & SwitchProps'.
src/features/settings/pages/SecuritySettings.tsx(721,15): error TS2322: Type '{ id: string; checked: boolean; onCheckedChange: (checked: boolean) => void; }' is not assignable to type 'IntrinsicAttributes & SwitchProps'.
  Property 'id' does not exist on type 'IntrinsicAttributes & SwitchProps'.
src/features/settings/pages/SecuritySettings.tsx(849,11): error TS2322: Type '{ open: boolean; onOpenChange: Dispatch<SetStateAction<boolean>>; onConfirm: () => Promise<void>; isLoading: boolean; session: SessionDevice; }' is not assignable to type 'IntrinsicAttributes & SessionLogoutDialogStandardizedProps'.
  Property 'session' does not exist on type 'IntrinsicAttributes & SessionLogoutDialogStandardizedProps'.
src/features/shifts/components/index.ts(2,10): error TS2305: Module '"./ShiftMetricCard"' has no exported member 'default'.
src/features/shifts/pages/ShiftDetails.tsx(159,56): error TS2339: Property 'total_amount' does not exist on type 'Sale'.
src/features/shifts/pages/ShiftOpen.tsx(105,12): error TS2344: Type 'FuelType' does not satisfy the constraint 'string | number | symbol'.
src/features/shifts/pages/ShiftOpen.tsx(161,15): error TS7053: Element implicitly has an 'any' type because expression of type 'string' can't be used to index type 'Record<FuelType, number>'.
  No index signature with a parameter of type 'string' was found on type 'Record<FuelType, number>'.
src/features/shifts/pages/ShiftOpen.tsx(164,26): error TS2344: Type 'FuelType' does not satisfy the constraint 'string | number | symbol'.
src/features/shifts/pages/ShiftOpen.tsx(171,11): error TS2345: Argument of type 'Record<FuelType, number>' is not assignable to parameter of type '{ diesel: number; gas: number; petrol: number; kerosene: number; cng: number; }'.
  Type 'Record<FuelType, number>' is missing the following properties from type '{ diesel: number; gas: number; petrol: number; kerosene: number; cng: number; }': diesel, gas, petrol, kerosene, cng
src/features/shifts/pages/ShiftOpen.tsx(173,19): error TS2352: Conversion of type 'string' to type 'FuelType' may be a mistake because neither type sufficiently overlaps with the other. If this was intentional, convert the expression to 'unknown' first.
src/features/shifts/pages/ShiftOpen.tsx(173,19): error TS2538: Type 'FuelType' cannot be used as an index type.
src/features/shifts/pages/ShiftOpen.tsx(176,26): error TS2344: Type 'FuelType' does not satisfy the constraint 'string | number | symbol'.
src/features/shifts/pages/ShiftOpen.tsx(276,11): error TS2322: Type '{ children: string; href: string; variant: "outline"; startIcon: Element; }' is not assignable to type 'IntrinsicAttributes & ButtonLinkProps & RefAttributes<HTMLAnchorElement>'.
  Property 'startIcon' does not exist on type 'IntrinsicAttributes & ButtonLinkProps & RefAttributes<HTMLAnchorElement>'.
src/features/shifts/pages/ShiftOpen.tsx(692,20): error TS2741: Property 'to' is missing in type '{ children: string; href: string; variant: "outline"; }' but required in type 'ButtonLinkProps'.
src/features/shifts/pages/Shifts.tsx(179,40): error TS2345: Argument of type '(shift: Shift) => { employee_name: {}; status: "OPEN" | "CLOSED"; id: string; start_time: string; end_time?: string; is_active: boolean; opening_cash: number; closing_cash?: number; sales_total: number; employee_id?: string; employees?: ShiftEmployee[]; created_at?: string; updated_at?: string; }' is not assignable to parameter of type '(value: { closing_cash: number | null; created_at: string | null; employee_id: string; end_time: string | null; id: string; opening_cash: number; sales_total: number; start_time: string; status: string; updated_at: string | null; }, index: number, array: { ...; }[]) => { ...; }'.
  Types of parameters 'shift' and 'value' are incompatible.
    Property 'is_active' is missing in type '{ closing_cash: number | null; created_at: string | null; employee_id: string; end_time: string | null; id: string; opening_cash: number; sales_total: number; start_time: string; status: string; updated_at: string | null; }' but required in type 'Shift'.
src/features/shifts/services/index.ts(3,1): error TS2308: Module "./shifts" has already exported a member named 'addShiftPaymentMethods'. Consider explicitly re-exporting to resolve the ambiguity.
src/features/shifts/services/index.ts(3,1): error TS2308: Module "./shifts" has already exported a member named 'deleteShiftPaymentMethods'. Consider explicitly re-exporting to resolve the ambiguity.
src/features/shifts/services/index.ts(3,1): error TS2308: Module "./shifts" has already exported a member named 'getShiftPaymentMethods'. Consider explicitly re-exporting to resolve the ambiguity.
src/hooks/useSupabase.ts(17,8): error TS2307: Cannot find module '@/services/supabase-integration' or its corresponding type declarations.
src/shared/components/dev/DeprecationTracker.tsx(31,29): error TS2339: Property 'component' does not exist on type 'DeprecationUsage'.
src/shared/components/dev/DeprecationTracker.tsx(31,48): error TS2339: Property 'usageCount' does not exist on type 'DeprecationUsage'.
src/shared/components/dev/DeprecationTracker.tsx(31,86): error TS2339: Property 'replacement' does not exist on type 'DeprecationUsage'.
src/shared/components/dialogs/ConfirmationDialogStandardized.tsx(3,10): error TS2305: Module '"@/core/components/ui/primitives/dialog"' has no exported member 'StandardDialog'.
src/shared/components/form/PriceAndEmployeeInputs.tsx(113,9): error TS2322: Type '{ name: string; label: string; form: UseFormReturn<FieldValues>; options: { value: string; label: string; }[]; placeholder: string; isLoading: boolean; }' is not assignable to type 'IntrinsicAttributes & SimpleFormSelectProps'.
  Property 'isLoading' does not exist on type 'IntrinsicAttributes & SimpleFormSelectProps'.
src/shared/components/navigation/SettingsDropdown.tsx(159,8): error TS2739: Type '{ open: boolean; onOpenChange: Dispatch<SetStateAction<boolean>>; onConfirm: () => void; isLoading: boolean; confirmText: string; cancelText: string; title: string; description: string; confirmButtonProps: { ...; }; }' is missing the following properties from type 'SessionLogoutDialogStandardizedProps': message, isOpen
src/shared/components/sidebar/SidebarFooter.tsx(173,8): error TS2739: Type '{ open: boolean; onOpenChange: Dispatch<SetStateAction<boolean>>; onConfirm: () => void; isLoading: false; confirmText: string; cancelText: string; title: string; description: string; confirmButtonProps: { ...; }; }' is missing the following properties from type 'SessionLogoutDialogStandardizedProps': message, isOpen
src/shared/hooks/api/__tests__/useApiMutation.test.ts(185,24): error TS2339: Property 'previousValue' does not exist on type '{}'.
src/shared/hooks/api/__tests__/useApiMutation.test.ts(186,56): error TS2339: Property 'previousValue' does not exist on type '{}'.
src/shared/hooks/api/useApiInfiniteQuery.ts(46,63): error TS2769: No overload matches this call.
  Overload 1 of 3, '(options: DefinedInitialDataInfiniteOptions<TData, TError, InfiniteData<TData, unknown>, readonly unknown[], unknown>, queryClient?: QueryClient | undefined): DefinedUseInfiniteQueryResult<...>', gave the following error.
    Argument of type '{ select?: ((data: InfiniteData<TData, unknown>) => number) | undefined; meta?: Record<string, unknown> | undefined; behavior?: QueryBehavior<TData, TError, InfiniteData<...>, readonly unknown[]> | undefined; ... 30 more ...; staleTime: StaleTimeFunction<...>; }' is not assignable to parameter of type 'DefinedInitialDataInfiniteOptions<TData, TError, InfiniteData<TData, unknown>, readonly unknown[], unknown>'.
      Type '{ select?: ((data: InfiniteData<TData, unknown>) => number) | undefined; meta?: Record<string, unknown> | undefined; behavior?: QueryBehavior<TData, TError, InfiniteData<...>, readonly unknown[]> | undefined; ... 30 more ...; staleTime: StaleTimeFunction<...>; }' is not assignable to type 'UseInfiniteQueryOptions<TData, TError, InfiniteData<TData, unknown>, TData, readonly unknown[], unknown>'.
        Types of property 'select' are incompatible.
          Type '((data: InfiniteData<TData, unknown>) => number) | undefined' is not assignable to type '((data: InfiniteData<TData, unknown>) => InfiniteData<TData, unknown>) | undefined'.
            Type '(data: InfiniteData<TData, unknown>) => number' is not assignable to type '(data: InfiniteData<TData, unknown>) => InfiniteData<TData, unknown>'.
              Type 'number' is not assignable to type 'InfiniteData<TData, unknown>'.
  Overload 2 of 3, '(options: UndefinedInitialDataInfiniteOptions<TData, TError, InfiniteData<TData, unknown>, readonly unknown[], unknown>, queryClient?: QueryClient | undefined): UseInfiniteQueryResult<...>', gave the following error.
    Argument of type '{ select?: ((data: InfiniteData<TData, unknown>) => number) | undefined; meta?: Record<string, unknown> | undefined; behavior?: QueryBehavior<TData, TError, InfiniteData<...>, readonly unknown[]> | undefined; ... 30 more ...; staleTime: StaleTimeFunction<...>; }' is not assignable to parameter of type 'UndefinedInitialDataInfiniteOptions<TData, TError, InfiniteData<TData, unknown>, readonly unknown[], unknown>'.
      Type '{ select?: ((data: InfiniteData<TData, unknown>) => number) | undefined; meta?: Record<string, unknown> | undefined; behavior?: QueryBehavior<TData, TError, InfiniteData<...>, readonly unknown[]> | undefined; ... 30 more ...; staleTime: StaleTimeFunction<...>; }' is not assignable to type 'UseInfiniteQueryOptions<TData, TError, InfiniteData<TData, unknown>, TData, readonly unknown[], unknown>'.
        Types of property 'select' are incompatible.
          Type '((data: InfiniteData<TData, unknown>) => number) | undefined' is not assignable to type '((data: InfiniteData<TData, unknown>) => InfiniteData<TData, unknown>) | undefined'.
            Type '(data: InfiniteData<TData, unknown>) => number' is not assignable to type '(data: InfiniteData<TData, unknown>) => InfiniteData<TData, unknown>'.
              Type 'number' is not assignable to type 'InfiniteData<TData, unknown>'.
  Overload 3 of 3, '(options: UseInfiniteQueryOptions<TData, TError, InfiniteData<TData, unknown>, TData, readonly unknown[], unknown>, queryClient?: QueryClient | undefined): UseInfiniteQueryResult<...>', gave the following error.
    Argument of type '{ select?: ((data: InfiniteData<TData, unknown>) => number) | undefined; meta?: Record<string, unknown> | undefined; behavior?: QueryBehavior<TData, TError, InfiniteData<...>, readonly unknown[]> | undefined; ... 30 more ...; staleTime: StaleTimeFunction<...>; }' is not assignable to parameter of type 'UseInfiniteQueryOptions<TData, TError, InfiniteData<TData, unknown>, TData, readonly unknown[], unknown>'.
      Types of property 'select' are incompatible.
        Type '((data: InfiniteData<TData, unknown>) => number) | undefined' is not assignable to type '((data: InfiniteData<TData, unknown>) => InfiniteData<TData, unknown>) | undefined'.
          Type '(data: InfiniteData<TData, unknown>) => number' is not assignable to type '(data: InfiniteData<TData, unknown>) => InfiniteData<TData, unknown>'.
            Type 'number' is not assignable to type 'InfiniteData<TData, unknown>'.
src/shared/hooks/api/useApiInfiniteQuery.ts(49,45): error TS2345: Argument of type 'unknown' is not assignable to parameter of type 'number'.
src/shared/hooks/api/useApiQuery.ts(53,5): error TS2322: Type '(options?: RefetchOptions | undefined) => Promise<QueryObserverResult<NoInfer<TData>, TError>>' is not assignable to type '() => Promise<TData | undefined>'.
  Type 'Promise<QueryObserverResult<NoInfer<TData>, TError>>' is not assignable to type 'Promise<TData | undefined>'.
    Type 'QueryObserverResult<NoInfer<TData>, TError>' is not assignable to type 'TData | undefined'.
      Type 'QueryObserverRefetchErrorResult<NoInfer<TData>, TError>' is not assignable to type 'TData'.
        'TData' could be instantiated with an arbitrary type which could be unrelated to 'QueryObserverRefetchErrorResult<NoInfer<TData>, TError>'.
src/shared/hooks/base/__tests__/useBaseDialog.test.tsx(1,33): error TS2307: Cannot find module '@testing-library/react-hooks' or its corresponding type declarations.
src/shared/hooks/base/__tests__/useBaseDialog.test.tsx(70,9): error TS2353: Object literal may only specify known properties, and 'onOpenChange' does not exist in type 'BaseDialogOptions<unknown>'.
src/shared/hooks/base/__tests__/useEntityDialog.test.tsx(1,33): error TS2307: Cannot find module '@testing-library/react-hooks' or its corresponding type declarations.
src/shared/hooks/form/__tests__/useFormSubmitHandler.test.tsx(1,33): error TS2307: Cannot find module '@testing-library/react-hooks' or its corresponding type declarations.
src/shared/hooks/form/__tests__/useFormSubmitHandler.test.tsx(3,10): error TS2305: Module '"../../ui"' has no exported member 'useToast'.
src/shared/hooks/form/__tests__/useFormSubmitHandler.test.tsx(14,5): error TS2322: Type 'Mock<SubmitHandler<FieldValues>, [fn: SubmitHandler<FieldValues>], any>' is not assignable to type 'UseFormHandleSubmit<FieldValues, FieldValues>'.
  Type 'SubmitHandler<FieldValues>' is not assignable to type '(e?: BaseSyntheticEvent<object, any, any> | undefined) => Promise<void>'.
    Types of parameters 'data' and 'e' are incompatible.
      Type 'BaseSyntheticEvent<object, any, any> | undefined' is not assignable to type 'FieldValues'.
        Type 'undefined' is not assignable to type 'FieldValues'.
src/shared/hooks/form/__tests__/useZodForm.test.tsx(1,33): error TS2307: Cannot find module '@testing-library/react-hooks' or its corresponding type declarations.
src/shared/hooks/form/__tests__/useZodForm.test.tsx(2,28): error TS2307: Cannot find module './useZodForm' or its corresponding type declarations.
src/shared/hooks/form/useFormValidation.ts(8,10): error TS2305: Module '"@/hooks"' has no exported member 'useFieldValidation'.
src/shared/hooks/form/useFormValidation.ts(9,10): error TS2305: Module '"@/hooks"' has no exported member 'useFormSchemas'.
src/shared/hooks/use-form.ts(44,23): error TS2344: Type 'TFormValues' does not satisfy the constraint 'FieldValues'.
src/shared/hooks/usePageBreadcrumbs.tsx(30,16): error TS18048: 'segments.length' is possibly 'undefined'.
src/shared/hooks/usePageBreadcrumbs.tsx(33,9): error TS18048: 'segments' is possibly 'undefined'.
src/shared/hooks/usePageBreadcrumbs.tsx(34,9): error TS18048: 'segments' is possibly 'undefined'.
src/shared/hooks/usePageBreadcrumbs.tsx(34,18): error TS18048: 'segments' is possibly 'undefined'.
